MPLINK 5.09, LINKER
Linker Map File - Created Mon Feb 03 17:02:48 2020

                                 Section Info
                  Section       Type    Address   Location Size(Bytes)
                ---------  ---------  ---------  ---------  ---------
                      rst       code   0x000000    program   0x000004
                   .cinit    romdata   0x000004    program   0x000002
                   int_hi       code   0x000008    program   0x00000a
                     main       code   0x000012    program   0x00002a
                      DAC       code   0x00003c    program   0x00000e
.config_300000_BUILD/DEFAULT/PRODUCTION/CONFIG.    romdata   0x300000    program   0x000001
.config_300001_BUILD/DEFAULT/PRODUCTION/CONFIG.    romdata   0x300001    program   0x000001
.config_300002_BUILD/DEFAULT/PRODUCTION/CONFIG.    romdata   0x300002    program   0x000001
.config_300003_BUILD/DEFAULT/PRODUCTION/CONFIG.    romdata   0x300003    program   0x000001
.config_300004_BUILD/DEFAULT/PRODUCTION/CONFIG.    romdata   0x300004    program   0x000001
.config_300005_BUILD/DEFAULT/PRODUCTION/CONFIG.    romdata   0x300005    program   0x000001
.config_300006_BUILD/DEFAULT/PRODUCTION/CONFIG.    romdata   0x300006    program   0x000001
.config_300008_BUILD/DEFAULT/PRODUCTION/CONFIG.    romdata   0x300008    program   0x000001
.config_300009_BUILD/DEFAULT/PRODUCTION/CONFIG.    romdata   0x300009    program   0x000001
.config_30000A_BUILD/DEFAULT/PRODUCTION/CONFIG.    romdata   0x30000a    program   0x000001
.config_30000B_BUILD/DEFAULT/PRODUCTION/CONFIG.    romdata   0x30000b    program   0x000001
.config_30000C_BUILD/DEFAULT/PRODUCTION/CONFIG.    romdata   0x30000c    program   0x000001
.config_30000D_BUILD/DEFAULT/PRODUCTION/CONFIG.    romdata   0x30000d    program   0x000001



                              Program Memory Usage 
                               Start         End      
                           ---------   ---------      
                            0x000000    0x000005      
                            0x000008    0x000049      
                            0x300000    0x300006      
                            0x300008    0x30000d      
            85 out of 132120 program addresses used, program memory utilization is 0%



                              Symbols - Sorted by Name
                     Name    Address   Location    Storage File                     
                ---------  ---------  ---------  --------- ---------                
                DAC_Setup   0x00003c    program     extern H:\Laboratory\Year 3\Micro - Not Broken\Jac-n-Dak\Simple-Interrupt.X\DAC_Interrupt.asm
                   bdelay   0x000012    program     static H:\Laboratory\Year 3\Micro - Not Broken\Jac-n-Dak\Simple-Interrupt.X\Simple1.asm
                     bdlp   0x00001c    program     static H:\Laboratory\Year 3\Micro - Not Broken\Jac-n-Dak\Simple-Interrupt.X\Simple1.asm
                     loop   0x00002e    program     static H:\Laboratory\Year 3\Micro - Not Broken\Jac-n-Dak\Simple-Interrupt.X\Simple1.asm
                    start   0x000024    program     static H:\Laboratory\Year 3\Micro - Not Broken\Jac-n-Dak\Simple-Interrupt.X\Simple1.asm



                              Symbols - Sorted by Address
                     Name    Address   Location    Storage File                     
                ---------  ---------  ---------  --------- ---------                
                   bdelay   0x000012    program     static H:\Laboratory\Year 3\Micro - Not Broken\Jac-n-Dak\Simple-Interrupt.X\Simple1.asm
                     bdlp   0x00001c    program     static H:\Laboratory\Year 3\Micro - Not Broken\Jac-n-Dak\Simple-Interrupt.X\Simple1.asm
                    start   0x000024    program     static H:\Laboratory\Year 3\Micro - Not Broken\Jac-n-Dak\Simple-Interrupt.X\Simple1.asm
                     loop   0x00002e    program     static H:\Laboratory\Year 3\Micro - Not Broken\Jac-n-Dak\Simple-Interrupt.X\Simple1.asm
                DAC_Setup   0x00003c    program     extern H:\Laboratory\Year 3\Micro - Not Broken\Jac-n-Dak\Simple-Interrupt.X\DAC_Interrupt.asm


