MPLINK 5.09, LINKER
Linker Map File - Created Fri Jan 31 10:16:21 2020

                                 Section Info
                  Section       Type    Address   Location Size(Bytes)
                ---------  ---------  ---------  ---------  ---------
                      rst       code   0x000000    program   0x000004
                   .cinit    romdata   0x000004    program   0x000002
                      LCD       code   0x000006    program   0x000110
                     main       code   0x000116    program   0x000060
                     UART       code   0x000176    program   0x000028
                      ADC       code   0x00019e    program   0x00001a
                    pdata       code   0x0001b8    program   0x00000e
.config_300000_BUILD/DEFAULT/PRODUCTION/CONFIG.    romdata   0x300000    program   0x000001
.config_300001_BUILD/DEFAULT/PRODUCTION/CONFIG.    romdata   0x300001    program   0x000001
.config_300002_BUILD/DEFAULT/PRODUCTION/CONFIG.    romdata   0x300002    program   0x000001
.config_300003_BUILD/DEFAULT/PRODUCTION/CONFIG.    romdata   0x300003    program   0x000001
.config_300004_BUILD/DEFAULT/PRODUCTION/CONFIG.    romdata   0x300004    program   0x000001
.config_300005_BUILD/DEFAULT/PRODUCTION/CONFIG.    romdata   0x300005    program   0x000001
.config_300006_BUILD/DEFAULT/PRODUCTION/CONFIG.    romdata   0x300006    program   0x000001
.config_300008_BUILD/DEFAULT/PRODUCTION/CONFIG.    romdata   0x300008    program   0x000001
.config_300009_BUILD/DEFAULT/PRODUCTION/CONFIG.    romdata   0x300009    program   0x000001
.config_30000A_BUILD/DEFAULT/PRODUCTION/CONFIG.    romdata   0x30000a    program   0x000001
.config_30000B_BUILD/DEFAULT/PRODUCTION/CONFIG.    romdata   0x30000b    program   0x000001
.config_30000C_BUILD/DEFAULT/PRODUCTION/CONFIG.    romdata   0x30000c    program   0x000001
.config_30000D_BUILD/DEFAULT/PRODUCTION/CONFIG.    romdata   0x30000d    program   0x000001
                     acs0      udata   0x000000       data   0x000008
                  acs_ovr      udata   0x000008       data   0x000001
                   tables      udata   0x000400       data   0x000080



                              Program Memory Usage 
                               Start         End      
                           ---------   ---------      
                            0x000000    0x0001c5      
                            0x300000    0x300006      
                            0x300008    0x30000d      
            467 out of 132120 program addresses used, program memory utilization is 0%



                              Symbols - Sorted by Name
                     Name    Address   Location    Storage File                     
                ---------  ---------  ---------  --------- ---------                
                 ADC_Read   0x0001b0    program     extern H:\Laboratory\Year 3\Micro - Not Broken\Jac-n-Dak\ADC-Test_Measurements.X\ADC.asm
                ADC_Setup   0x00019e    program     extern H:\Laboratory\Year 3\Micro - Not Broken\Jac-n-Dak\ADC-Test_Measurements.X\ADC.asm
               LCD_Enable   0x0000c6    program     static H:\Laboratory\Year 3\Micro - Not Broken\Jac-n-Dak\ADC-Test_Measurements.X\LCD.asm
              LCD_Hex_Nib   0x000066    program     static H:\Laboratory\Year 3\Micro - Not Broken\Jac-n-Dak\ADC-Test_Measurements.X\LCD.asm
         LCD_Loop_message   0x00007c    program     static H:\Laboratory\Year 3\Micro - Not Broken\Jac-n-Dak\ADC-Test_Measurements.X\LCD.asm
          LCD_Send_Byte_D   0x0000a4    program     static H:\Laboratory\Year 3\Micro - Not Broken\Jac-n-Dak\ADC-Test_Measurements.X\LCD.asm
          LCD_Send_Byte_I   0x000088    program     static H:\Laboratory\Year 3\Micro - Not Broken\Jac-n-Dak\ADC-Test_Measurements.X\LCD.asm
                LCD_Setup   0x000006    program     extern H:\Laboratory\Year 3\Micro - Not Broken\Jac-n-Dak\ADC-Test_Measurements.X\LCD.asm
            LCD_Write_Hex   0x00005c    program     extern H:\Laboratory\Year 3\Micro - Not Broken\Jac-n-Dak\ADC-Test_Measurements.X\LCD.asm
        LCD_Write_Message   0x00007a    program     extern H:\Laboratory\Year 3\Micro - Not Broken\Jac-n-Dak\ADC-Test_Measurements.X\LCD.asm
                LCD_delay   0x00010c    program     static H:\Laboratory\Year 3\Micro - Not Broken\Jac-n-Dak\ADC-Test_Measurements.X\LCD.asm
             LCD_delay_ms   0x0000ea    program     static H:\Laboratory\Year 3\Micro - Not Broken\Jac-n-Dak\ADC-Test_Measurements.X\LCD.asm
           LCD_delay_x4us   0x0000f8    program     static H:\Laboratory\Year 3\Micro - Not Broken\Jac-n-Dak\ADC-Test_Measurements.X\LCD.asm
        UART_Loop_message   0x00018a    program     static H:\Laboratory\Year 3\Micro - Not Broken\Jac-n-Dak\ADC-Test_Measurements.X\UART.asm
               UART_Setup   0x000176    program     extern H:\Laboratory\Year 3\Micro - Not Broken\Jac-n-Dak\ADC-Test_Measurements.X\UART.asm
       UART_Transmit_Byte   0x000196    program     static H:\Laboratory\Year 3\Micro - Not Broken\Jac-n-Dak\ADC-Test_Measurements.X\UART.asm
    UART_Transmit_Message   0x000188    program     extern H:\Laboratory\Year 3\Micro - Not Broken\Jac-n-Dak\ADC-Test_Measurements.X\UART.asm
                 adc_loop   0x0001b2    program     static H:\Laboratory\Year 3\Micro - Not Broken\Jac-n-Dak\ADC-Test_Measurements.X\ADC.asm
                    delay   0x000170    program     static H:\Laboratory\Year 3\Micro - Not Broken\Jac-n-Dak\ADC-Test_Measurements.X\Simple1.asm
                   lcdlp1   0x00010e    program     static H:\Laboratory\Year 3\Micro - Not Broken\Jac-n-Dak\ADC-Test_Measurements.X\LCD.asm
                   lcdlp2   0x0000ec    program     static H:\Laboratory\Year 3\Micro - Not Broken\Jac-n-Dak\ADC-Test_Measurements.X\LCD.asm
                     loop   0x00013e    program     static H:\Laboratory\Year 3\Micro - Not Broken\Jac-n-Dak\ADC-Test_Measurements.X\Simple1.asm
             measure_loop   0x00015c    program     static H:\Laboratory\Year 3\Micro - Not Broken\Jac-n-Dak\ADC-Test_Measurements.X\Simple1.asm
                  myTable   0x0001b8    program     static H:\Laboratory\Year 3\Micro - Not Broken\Jac-n-Dak\ADC-Test_Measurements.X\Simple1.asm
                    setup   0x000116    program     static H:\Laboratory\Year 3\Micro - Not Broken\Jac-n-Dak\ADC-Test_Measurements.X\Simple1.asm
                    start   0x00012a    program     static H:\Laboratory\Year 3\Micro - Not Broken\Jac-n-Dak\ADC-Test_Measurements.X\Simple1.asm
                LCD_cnt_h   0x000004       data     static H:\Laboratory\Year 3\Micro - Not Broken\Jac-n-Dak\ADC-Test_Measurements.X\LCD.asm
                LCD_cnt_l   0x000003       data     static H:\Laboratory\Year 3\Micro - Not Broken\Jac-n-Dak\ADC-Test_Measurements.X\LCD.asm
               LCD_cnt_ms   0x000005       data     static H:\Laboratory\Year 3\Micro - Not Broken\Jac-n-Dak\ADC-Test_Measurements.X\LCD.asm
              LCD_counter   0x000007       data     static H:\Laboratory\Year 3\Micro - Not Broken\Jac-n-Dak\ADC-Test_Measurements.X\LCD.asm
              LCD_hex_tmp   0x000008       data     static H:\Laboratory\Year 3\Micro - Not Broken\Jac-n-Dak\ADC-Test_Measurements.X\LCD.asm
                  LCD_tmp   0x000006       data     static H:\Laboratory\Year 3\Micro - Not Broken\Jac-n-Dak\ADC-Test_Measurements.X\LCD.asm
             UART_counter   0x000002       data     static H:\Laboratory\Year 3\Micro - Not Broken\Jac-n-Dak\ADC-Test_Measurements.X\UART.asm
                  counter   0x000000       data     static H:\Laboratory\Year 3\Micro - Not Broken\Jac-n-Dak\ADC-Test_Measurements.X\Simple1.asm
              delay_count   0x000001       data     static H:\Laboratory\Year 3\Micro - Not Broken\Jac-n-Dak\ADC-Test_Measurements.X\Simple1.asm
                  myArray   0x000400       data     static H:\Laboratory\Year 3\Micro - Not Broken\Jac-n-Dak\ADC-Test_Measurements.X\Simple1.asm



                              Symbols - Sorted by Address
                     Name    Address   Location    Storage File                     
                ---------  ---------  ---------  --------- ---------                
                LCD_Setup   0x000006    program     extern H:\Laboratory\Year 3\Micro - Not Broken\Jac-n-Dak\ADC-Test_Measurements.X\LCD.asm
            LCD_Write_Hex   0x00005c    program     extern H:\Laboratory\Year 3\Micro - Not Broken\Jac-n-Dak\ADC-Test_Measurements.X\LCD.asm
              LCD_Hex_Nib   0x000066    program     static H:\Laboratory\Year 3\Micro - Not Broken\Jac-n-Dak\ADC-Test_Measurements.X\LCD.asm
        LCD_Write_Message   0x00007a    program     extern H:\Laboratory\Year 3\Micro - Not Broken\Jac-n-Dak\ADC-Test_Measurements.X\LCD.asm
         LCD_Loop_message   0x00007c    program     static H:\Laboratory\Year 3\Micro - Not Broken\Jac-n-Dak\ADC-Test_Measurements.X\LCD.asm
          LCD_Send_Byte_I   0x000088    program     static H:\Laboratory\Year 3\Micro - Not Broken\Jac-n-Dak\ADC-Test_Measurements.X\LCD.asm
          LCD_Send_Byte_D   0x0000a4    program     static H:\Laboratory\Year 3\Micro - Not Broken\Jac-n-Dak\ADC-Test_Measurements.X\LCD.asm
               LCD_Enable   0x0000c6    program     static H:\Laboratory\Year 3\Micro - Not Broken\Jac-n-Dak\ADC-Test_Measurements.X\LCD.asm
             LCD_delay_ms   0x0000ea    program     static H:\Laboratory\Year 3\Micro - Not Broken\Jac-n-Dak\ADC-Test_Measurements.X\LCD.asm
                   lcdlp2   0x0000ec    program     static H:\Laboratory\Year 3\Micro - Not Broken\Jac-n-Dak\ADC-Test_Measurements.X\LCD.asm
           LCD_delay_x4us   0x0000f8    program     static H:\Laboratory\Year 3\Micro - Not Broken\Jac-n-Dak\ADC-Test_Measurements.X\LCD.asm
                LCD_delay   0x00010c    program     static H:\Laboratory\Year 3\Micro - Not Broken\Jac-n-Dak\ADC-Test_Measurements.X\LCD.asm
                   lcdlp1   0x00010e    program     static H:\Laboratory\Year 3\Micro - Not Broken\Jac-n-Dak\ADC-Test_Measurements.X\LCD.asm
                    setup   0x000116    program     static H:\Laboratory\Year 3\Micro - Not Broken\Jac-n-Dak\ADC-Test_Measurements.X\Simple1.asm
                    start   0x00012a    program     static H:\Laboratory\Year 3\Micro - Not Broken\Jac-n-Dak\ADC-Test_Measurements.X\Simple1.asm
                     loop   0x00013e    program     static H:\Laboratory\Year 3\Micro - Not Broken\Jac-n-Dak\ADC-Test_Measurements.X\Simple1.asm
             measure_loop   0x00015c    program     static H:\Laboratory\Year 3\Micro - Not Broken\Jac-n-Dak\ADC-Test_Measurements.X\Simple1.asm
                    delay   0x000170    program     static H:\Laboratory\Year 3\Micro - Not Broken\Jac-n-Dak\ADC-Test_Measurements.X\Simple1.asm
               UART_Setup   0x000176    program     extern H:\Laboratory\Year 3\Micro - Not Broken\Jac-n-Dak\ADC-Test_Measurements.X\UART.asm
    UART_Transmit_Message   0x000188    program     extern H:\Laboratory\Year 3\Micro - Not Broken\Jac-n-Dak\ADC-Test_Measurements.X\UART.asm
        UART_Loop_message   0x00018a    program     static H:\Laboratory\Year 3\Micro - Not Broken\Jac-n-Dak\ADC-Test_Measurements.X\UART.asm
       UART_Transmit_Byte   0x000196    program     static H:\Laboratory\Year 3\Micro - Not Broken\Jac-n-Dak\ADC-Test_Measurements.X\UART.asm
                ADC_Setup   0x00019e    program     extern H:\Laboratory\Year 3\Micro - Not Broken\Jac-n-Dak\ADC-Test_Measurements.X\ADC.asm
                 ADC_Read   0x0001b0    program     extern H:\Laboratory\Year 3\Micro - Not Broken\Jac-n-Dak\ADC-Test_Measurements.X\ADC.asm
                 adc_loop   0x0001b2    program     static H:\Laboratory\Year 3\Micro - Not Broken\Jac-n-Dak\ADC-Test_Measurements.X\ADC.asm
                  myTable   0x0001b8    program     static H:\Laboratory\Year 3\Micro - Not Broken\Jac-n-Dak\ADC-Test_Measurements.X\Simple1.asm
                  counter   0x000000       data     static H:\Laboratory\Year 3\Micro - Not Broken\Jac-n-Dak\ADC-Test_Measurements.X\Simple1.asm
              delay_count   0x000001       data     static H:\Laboratory\Year 3\Micro - Not Broken\Jac-n-Dak\ADC-Test_Measurements.X\Simple1.asm
             UART_counter   0x000002       data     static H:\Laboratory\Year 3\Micro - Not Broken\Jac-n-Dak\ADC-Test_Measurements.X\UART.asm
                LCD_cnt_l   0x000003       data     static H:\Laboratory\Year 3\Micro - Not Broken\Jac-n-Dak\ADC-Test_Measurements.X\LCD.asm
                LCD_cnt_h   0x000004       data     static H:\Laboratory\Year 3\Micro - Not Broken\Jac-n-Dak\ADC-Test_Measurements.X\LCD.asm
               LCD_cnt_ms   0x000005       data     static H:\Laboratory\Year 3\Micro - Not Broken\Jac-n-Dak\ADC-Test_Measurements.X\LCD.asm
                  LCD_tmp   0x000006       data     static H:\Laboratory\Year 3\Micro - Not Broken\Jac-n-Dak\ADC-Test_Measurements.X\LCD.asm
              LCD_counter   0x000007       data     static H:\Laboratory\Year 3\Micro - Not Broken\Jac-n-Dak\ADC-Test_Measurements.X\LCD.asm
              LCD_hex_tmp   0x000008       data     static H:\Laboratory\Year 3\Micro - Not Broken\Jac-n-Dak\ADC-Test_Measurements.X\LCD.asm
                  myArray   0x000400       data     static H:\Laboratory\Year 3\Micro - Not Broken\Jac-n-Dak\ADC-Test_Measurements.X\Simple1.asm


