MPLINK 5.09, LINKER
Linker Map File - Created Wed Feb 12 17:11:20 2020

                                 Section Info
                  Section       Type    Address   Location Size(Bytes)
                ---------  ---------  ---------  ---------  ---------
                      rst       code   0x000000    program   0x000004
                   .cinit    romdata   0x000004    program   0x000002
                     GLCD       code   0x000006    program   0x0000aa
                     main       code   0x0000b0    program   0x000010
.config_300000_BUILD/DEFAULT/DEBUG/CONFIG.O    romdata   0x300000    program   0x000001
.config_300001_BUILD/DEFAULT/DEBUG/CONFIG.O    romdata   0x300001    program   0x000001
.config_300002_BUILD/DEFAULT/DEBUG/CONFIG.O    romdata   0x300002    program   0x000001
.config_300003_BUILD/DEFAULT/DEBUG/CONFIG.O    romdata   0x300003    program   0x000001
.config_300004_BUILD/DEFAULT/DEBUG/CONFIG.O    romdata   0x300004    program   0x000001
.config_300005_BUILD/DEFAULT/DEBUG/CONFIG.O    romdata   0x300005    program   0x000001
.config_300006_BUILD/DEFAULT/DEBUG/CONFIG.O    romdata   0x300006    program   0x000001
.config_300008_BUILD/DEFAULT/DEBUG/CONFIG.O    romdata   0x300008    program   0x000001
.config_300009_BUILD/DEFAULT/DEBUG/CONFIG.O    romdata   0x300009    program   0x000001
.config_30000A_BUILD/DEFAULT/DEBUG/CONFIG.O    romdata   0x30000a    program   0x000001
.config_30000B_BUILD/DEFAULT/DEBUG/CONFIG.O    romdata   0x30000b    program   0x000001
.config_30000C_BUILD/DEFAULT/DEBUG/CONFIG.O    romdata   0x30000c    program   0x000001
.config_30000D_BUILD/DEFAULT/DEBUG/CONFIG.O    romdata   0x30000d    program   0x000001
                     acs0      udata   0x000000       data   0x000003



                              Program Memory Usage 
                               Start         End      
                           ---------   ---------      
                            0x000000    0x0000bf      
                            0x300000    0x300006      
                            0x300008    0x30000d      
            205 out of 132120 program addresses used, program memory utilization is 0%



                              Symbols - Sorted by Name
                     Name    Address   Location    Storage File                     
                ---------  ---------  ---------  --------- ---------                
                  E_pulse   0x000094    program     static C:\Users\Jac\Documents\PHYSICS\Year 3\year 3 labs\Microprocessor\Jac-n-Dak\GLCD-Hello_World.X\GLCD.asm
               GLCD_Setup   0x000006    program     extern C:\Users\Jac\Documents\PHYSICS\Year 3\year 3 labs\Microprocessor\Jac-n-Dak\GLCD-Hello_World.X\GLCD.asm
             Reset_Cursor   0x00006e    program     static C:\Users\Jac\Documents\PHYSICS\Year 3\year 3 labs\Microprocessor\Jac-n-Dak\GLCD-Hello_World.X\GLCD.asm
              Row_Pattern   0x00005a    program     static C:\Users\Jac\Documents\PHYSICS\Year 3\year 3 labs\Microprocessor\Jac-n-Dak\GLCD-Hello_World.X\GLCD.asm
           Send_Data_Byte   0x00007c    program     static C:\Users\Jac\Documents\PHYSICS\Year 3\year 3 labs\Microprocessor\Jac-n-Dak\GLCD-Hello_World.X\GLCD.asm
          Send_Instr_Byte   0x000088    program     static C:\Users\Jac\Documents\PHYSICS\Year 3\year 3 labs\Microprocessor\Jac-n-Dak\GLCD-Hello_World.X\GLCD.asm
               Test_Write   0x00003a    program     extern C:\Users\Jac\Documents\PHYSICS\Year 3\year 3 labs\Microprocessor\Jac-n-Dak\GLCD-Hello_World.X\GLCD.asm
                  W_Delay   0x0000a8    program     static C:\Users\Jac\Documents\PHYSICS\Year 3\year 3 labs\Microprocessor\Jac-n-Dak\GLCD-Hello_World.X\GLCD.asm
               _main_000C   0x0000bc    program     static C:\Users\Jac\Documents\PHYSICS\Year 3\year 3 labs\Microprocessor\Jac-n-Dak\GLCD-Hello_World.X\Main.asm
                     rplp   0x00005e    program     static C:\Users\Jac\Documents\PHYSICS\Year 3\year 3 labs\Microprocessor\Jac-n-Dak\GLCD-Hello_World.X\GLCD.asm
                    setup   0x0000b0    program     static C:\Users\Jac\Documents\PHYSICS\Year 3\year 3 labs\Microprocessor\Jac-n-Dak\GLCD-Hello_World.X\Main.asm
                    start   0x0000b8    program     static C:\Users\Jac\Documents\PHYSICS\Year 3\year 3 labs\Microprocessor\Jac-n-Dak\GLCD-Hello_World.X\Main.asm
                     twtp   0x00003c    program     static C:\Users\Jac\Documents\PHYSICS\Year 3\year 3 labs\Microprocessor\Jac-n-Dak\GLCD-Hello_World.X\GLCD.asm
                     wdlp   0x0000aa    program     static C:\Users\Jac\Documents\PHYSICS\Year 3\year 3 labs\Microprocessor\Jac-n-Dak\GLCD-Hello_World.X\GLCD.asm
              delay_count   0x000000       data     static C:\Users\Jac\Documents\PHYSICS\Year 3\year 3 labs\Microprocessor\Jac-n-Dak\GLCD-Hello_World.X\GLCD.asm
           test_col_count   0x000001       data     static C:\Users\Jac\Documents\PHYSICS\Year 3\year 3 labs\Microprocessor\Jac-n-Dak\GLCD-Hello_World.X\GLCD.asm
           test_row_count   0x000002       data     static C:\Users\Jac\Documents\PHYSICS\Year 3\year 3 labs\Microprocessor\Jac-n-Dak\GLCD-Hello_World.X\GLCD.asm



                              Symbols - Sorted by Address
                     Name    Address   Location    Storage File                     
                ---------  ---------  ---------  --------- ---------                
               GLCD_Setup   0x000006    program     extern C:\Users\Jac\Documents\PHYSICS\Year 3\year 3 labs\Microprocessor\Jac-n-Dak\GLCD-Hello_World.X\GLCD.asm
               Test_Write   0x00003a    program     extern C:\Users\Jac\Documents\PHYSICS\Year 3\year 3 labs\Microprocessor\Jac-n-Dak\GLCD-Hello_World.X\GLCD.asm
                     twtp   0x00003c    program     static C:\Users\Jac\Documents\PHYSICS\Year 3\year 3 labs\Microprocessor\Jac-n-Dak\GLCD-Hello_World.X\GLCD.asm
              Row_Pattern   0x00005a    program     static C:\Users\Jac\Documents\PHYSICS\Year 3\year 3 labs\Microprocessor\Jac-n-Dak\GLCD-Hello_World.X\GLCD.asm
                     rplp   0x00005e    program     static C:\Users\Jac\Documents\PHYSICS\Year 3\year 3 labs\Microprocessor\Jac-n-Dak\GLCD-Hello_World.X\GLCD.asm
             Reset_Cursor   0x00006e    program     static C:\Users\Jac\Documents\PHYSICS\Year 3\year 3 labs\Microprocessor\Jac-n-Dak\GLCD-Hello_World.X\GLCD.asm
           Send_Data_Byte   0x00007c    program     static C:\Users\Jac\Documents\PHYSICS\Year 3\year 3 labs\Microprocessor\Jac-n-Dak\GLCD-Hello_World.X\GLCD.asm
          Send_Instr_Byte   0x000088    program     static C:\Users\Jac\Documents\PHYSICS\Year 3\year 3 labs\Microprocessor\Jac-n-Dak\GLCD-Hello_World.X\GLCD.asm
                  E_pulse   0x000094    program     static C:\Users\Jac\Documents\PHYSICS\Year 3\year 3 labs\Microprocessor\Jac-n-Dak\GLCD-Hello_World.X\GLCD.asm
                  W_Delay   0x0000a8    program     static C:\Users\Jac\Documents\PHYSICS\Year 3\year 3 labs\Microprocessor\Jac-n-Dak\GLCD-Hello_World.X\GLCD.asm
                     wdlp   0x0000aa    program     static C:\Users\Jac\Documents\PHYSICS\Year 3\year 3 labs\Microprocessor\Jac-n-Dak\GLCD-Hello_World.X\GLCD.asm
                    setup   0x0000b0    program     static C:\Users\Jac\Documents\PHYSICS\Year 3\year 3 labs\Microprocessor\Jac-n-Dak\GLCD-Hello_World.X\Main.asm
                    start   0x0000b8    program     static C:\Users\Jac\Documents\PHYSICS\Year 3\year 3 labs\Microprocessor\Jac-n-Dak\GLCD-Hello_World.X\Main.asm
               _main_000C   0x0000bc    program     static C:\Users\Jac\Documents\PHYSICS\Year 3\year 3 labs\Microprocessor\Jac-n-Dak\GLCD-Hello_World.X\Main.asm
              delay_count   0x000000       data     static C:\Users\Jac\Documents\PHYSICS\Year 3\year 3 labs\Microprocessor\Jac-n-Dak\GLCD-Hello_World.X\GLCD.asm
           test_col_count   0x000001       data     static C:\Users\Jac\Documents\PHYSICS\Year 3\year 3 labs\Microprocessor\Jac-n-Dak\GLCD-Hello_World.X\GLCD.asm
           test_row_count   0x000002       data     static C:\Users\Jac\Documents\PHYSICS\Year 3\year 3 labs\Microprocessor\Jac-n-Dak\GLCD-Hello_World.X\GLCD.asm


