MPLINK 5.09, LINKER
Linker Map File - Created Thu Feb 20 16:49:12 2020

                                 Section Info
                  Section       Type    Address   Location Size(Bytes)
                ---------  ---------  ---------  ---------  ---------
                      rst       code   0x000000    program   0x000004
                   .cinit    romdata   0x000004    program   0x000002
                     Main       code   0x000006    program   0x0003a2
                     main       code   0x0003a8    program   0x00021e
                     glcd       code   0x0005c6    program   0x00015e
                  Storage       code   0x000724    program   0x000120
                     grid       code   0x000844    program   0x0000c4
              PMCodeTable       code   0x000908    program   0x000020
                  reserve       code   0x000928    program   0x000000
.config_300000_BUILD/DEFAULT/DEBUG/CONFIG.O    romdata   0x300000    program   0x000001
.config_300001_BUILD/DEFAULT/DEBUG/CONFIG.O    romdata   0x300001    program   0x000001
.config_300002_BUILD/DEFAULT/DEBUG/CONFIG.O    romdata   0x300002    program   0x000001
.config_300003_BUILD/DEFAULT/DEBUG/CONFIG.O    romdata   0x300003    program   0x000001
.config_300004_BUILD/DEFAULT/DEBUG/CONFIG.O    romdata   0x300004    program   0x000001
.config_300005_BUILD/DEFAULT/DEBUG/CONFIG.O    romdata   0x300005    program   0x000001
.config_300006_BUILD/DEFAULT/DEBUG/CONFIG.O    romdata   0x300006    program   0x000001
.config_300008_BUILD/DEFAULT/DEBUG/CONFIG.O    romdata   0x300008    program   0x000001
.config_300009_BUILD/DEFAULT/DEBUG/CONFIG.O    romdata   0x300009    program   0x000001
.config_30000A_BUILD/DEFAULT/DEBUG/CONFIG.O    romdata   0x30000a    program   0x000001
.config_30000B_BUILD/DEFAULT/DEBUG/CONFIG.O    romdata   0x30000b    program   0x000001
.config_30000C_BUILD/DEFAULT/DEBUG/CONFIG.O    romdata   0x30000c    program   0x000001
.config_30000D_BUILD/DEFAULT/DEBUG/CONFIG.O    romdata   0x30000d    program   0x000001
                     acs0      udata   0x000000       data   0x00002b
                   PadLoc      udata   0x00002b       data   0x000004
                     vars      udata   0x00002f       data   0x000002
     Write_Message_RAM300      udata   0x000300       data   0x000040
       Write_Cells_RAM400      udata   0x000400       data   0x000042
       Write_Cells_RAM500      udata   0x000500       data   0x000037
            KeyPad_RAM600      udata   0x000600       data   0x00001e
            Boards_RAM700      udata   0x000700       data   0x0000a2
            Boards_RAM800      udata   0x000800       data   0x000051



                              Program Memory Usage 
                               Start         End      
                           ---------   ---------      
                            0x000000    0x000927      
                            0x300000    0x300006      
                            0x300008    0x30000d      
            2357 out of 132120 program addresses used, program memory utilization is 1%



                              Symbols - Sorted by Name
                     Name    Address   Location    Storage File                     
                ---------  ---------  ---------  --------- ---------                
                     C_PM   0x0007fe    program     static H:\Laboratory\Year 3\Micro - Not Broken\Jac-n-Dak\Sudoku-v1.X\Write_Message.asm
              Clear_Board   0x0005ec    program     extern H:\Laboratory\Year 3\Micro - Not Broken\Jac-n-Dak\Sudoku-v1.X\GLCD.asm
             Create_Board   0x000590    program     extern H:\Laboratory\Year 3\Micro - Not Broken\Jac-n-Dak\Sudoku-v1.X\Sudoku_Setup.asm
                    Delay   0x0003a8    program     static H:\Laboratory\Year 3\Micro - Not Broken\Jac-n-Dak\Sudoku-v1.X\KeyPad.asm
                    Delay   0x00071a    program     static H:\Laboratory\Year 3\Micro - Not Broken\Jac-n-Dak\Sudoku-v1.X\GLCD.asm
                     Down   0x0004e0    program     static H:\Laboratory\Year 3\Micro - Not Broken\Jac-n-Dak\Sudoku-v1.X\Sudoku_Logic.asm
                Draw_Grid   0x000844    program     extern H:\Laboratory\Year 3\Micro - Not Broken\Jac-n-Dak\Sudoku-v1.X\Draw_Grid.asm
            Draw_Grid_Row   0x0008c6    program     static H:\Laboratory\Year 3\Micro - Not Broken\Jac-n-Dak\Sudoku-v1.X\Draw_Grid.asm
                E_Mark_PM   0x000828    program     static H:\Laboratory\Year 3\Micro - Not Broken\Jac-n-Dak\Sudoku-v1.X\Write_Message.asm
                     E_PM   0x000816    program     static H:\Laboratory\Year 3\Micro - Not Broken\Jac-n-Dak\Sudoku-v1.X\Write_Message.asm
                  E_Pulse   0x00070c    program     static H:\Laboratory\Year 3\Micro - Not Broken\Jac-n-Dak\Sudoku-v1.X\GLCD.asm
               GLCD_Setup   0x0005c6    program     extern H:\Laboratory\Year 3\Micro - Not Broken\Jac-n-Dak\Sudoku-v1.X\GLCD.asm
                     G_PM   0x00083c    program     static H:\Laboratory\Year 3\Micro - Not Broken\Jac-n-Dak\Sudoku-v1.X\Write_Message.asm
               Give_Input   0x0003f8    program     extern H:\Laboratory\Year 3\Micro - Not Broken\Jac-n-Dak\Sudoku-v1.X\KeyPad.asm
                   LMrdlp   0x00007e    program     static H:\Laboratory\Year 3\Micro - Not Broken\Jac-n-Dak\Sudoku-v1.X\Write_Cells.asm
                     Left   0x0004ec    program     static H:\Laboratory\Year 3\Micro - Not Broken\Jac-n-Dak\Sudoku-v1.X\Sudoku_Logic.asm
                     N_PM   0x000834    program     static H:\Laboratory\Year 3\Micro - Not Broken\Jac-n-Dak\Sudoku-v1.X\Write_Message.asm
                     O_PM   0x000806    program     static H:\Laboratory\Year 3\Micro - Not Broken\Jac-n-Dak\Sudoku-v1.X\Write_Message.asm
                 PadSetup   0x0003b2    program     extern H:\Laboratory\Year 3\Micro - Not Broken\Jac-n-Dak\Sudoku-v1.X\KeyPad.asm
                     R_PM   0x00080e    program     static H:\Laboratory\Year 3\Micro - Not Broken\Jac-n-Dak\Sudoku-v1.X\Write_Message.asm
               Read_Block   0x000632    program     extern H:\Laboratory\Year 3\Micro - Not Broken\Jac-n-Dak\Sudoku-v1.X\GLCD.asm
Read_and_Replace_GLCD_Chunk   0x0001d2    program     static H:\Laboratory\Year 3\Micro - Not Broken\Jac-n-Dak\Sudoku-v1.X\Write_Cells.asm
            Read_in_Shape   0x0001b4    program     static H:\Laboratory\Year 3\Micro - Not Broken\Jac-n-Dak\Sudoku-v1.X\Write_Cells.asm
        Reset_GLCD_Cursor   0x0006d6    program     static H:\Laboratory\Year 3\Micro - Not Broken\Jac-n-Dak\Sudoku-v1.X\GLCD.asm
                    Right   0x0004e6    program     static H:\Laboratory\Year 3\Micro - Not Broken\Jac-n-Dak\Sudoku-v1.X\Sudoku_Logic.asm
                   S1rdlp   0x00009e    program     static H:\Laboratory\Year 3\Micro - Not Broken\Jac-n-Dak\Sudoku-v1.X\Write_Cells.asm
                   S2rdlp   0x0000ba    program     static H:\Laboratory\Year 3\Micro - Not Broken\Jac-n-Dak\Sudoku-v1.X\Write_Cells.asm
                   S3rdlp   0x0000d6    program     static H:\Laboratory\Year 3\Micro - Not Broken\Jac-n-Dak\Sudoku-v1.X\Write_Cells.asm
                   S4rdlp   0x0000f2    program     static H:\Laboratory\Year 3\Micro - Not Broken\Jac-n-Dak\Sudoku-v1.X\Write_Cells.asm
                Send_Data   0x0006f4    program     extern H:\Laboratory\Year 3\Micro - Not Broken\Jac-n-Dak\Sudoku-v1.X\GLCD.asm
               Send_Instr   0x000700    program     static H:\Laboratory\Year 3\Micro - Not Broken\Jac-n-Dak\Sudoku-v1.X\GLCD.asm
        Set_GLCD_Cursor_X   0x0006e4    program     extern H:\Laboratory\Year 3\Micro - Not Broken\Jac-n-Dak\Sudoku-v1.X\GLCD.asm
        Set_GLCD_Cursor_Y   0x0006ec    program     extern H:\Laboratory\Year 3\Micro - Not Broken\Jac-n-Dak\Sudoku-v1.X\GLCD.asm
               Shapes_PM1   0x000790    program     static H:\Laboratory\Year 3\Micro - Not Broken\Jac-n-Dak\Sudoku-v1.X\Write_Cells.asm
               Shapes_PM2   0x0007ae    program     static H:\Laboratory\Year 3\Micro - Not Broken\Jac-n-Dak\Sudoku-v1.X\Write_Cells.asm
               Shapes_PM3   0x0007cc    program     static H:\Laboratory\Year 3\Micro - Not Broken\Jac-n-Dak\Sudoku-v1.X\Write_Cells.asm
               Shapes_PM4   0x0007ea    program     static H:\Laboratory\Year 3\Micro - Not Broken\Jac-n-Dak\Sudoku-v1.X\Write_Cells.asm
                     T_PM   0x00081e    program     static H:\Laboratory\Year 3\Micro - Not Broken\Jac-n-Dak\Sudoku-v1.X\Write_Message.asm
               Test_Write   0x000656    program     extern H:\Laboratory\Year 3\Micro - Not Broken\Jac-n-Dak\Sudoku-v1.X\GLCD.asm
             Test_Write_2   0x0006aa    program     extern H:\Laboratory\Year 3\Micro - Not Broken\Jac-n-Dak\Sudoku-v1.X\GLCD.asm
                   UMrdlp   0x00005e    program     static H:\Laboratory\Year 3\Micro - Not Broken\Jac-n-Dak\Sudoku-v1.X\Write_Cells.asm
                     W_PM   0x00082a    program     static H:\Laboratory\Year 3\Micro - Not Broken\Jac-n-Dak\Sudoku-v1.X\Write_Message.asm
              Write_Block   0x000610    program     extern H:\Laboratory\Year 3\Micro - Not Broken\Jac-n-Dak\Sudoku-v1.X\GLCD.asm
            Write_Block_2   0x000624    program     extern H:\Laboratory\Year 3\Micro - Not Broken\Jac-n-Dak\Sudoku-v1.X\GLCD.asm
               Write_Cell   0x000132    program     extern H:\Laboratory\Year 3\Micro - Not Broken\Jac-n-Dak\Sudoku-v1.X\Write_Cells.asm
        Write_Cells_Setup   0x000006    program     extern H:\Laboratory\Year 3\Micro - Not Broken\Jac-n-Dak\Sudoku-v1.X\Write_Cells.asm
             Write_Cursor   0x000100    program     extern H:\Laboratory\Year 3\Micro - Not Broken\Jac-n-Dak\Sudoku-v1.X\Write_Cells.asm
         X_LMask_Table_PM   0x00077e    program     static H:\Laboratory\Year 3\Micro - Not Broken\Jac-n-Dak\Sudoku-v1.X\Write_Cells.asm
               X_Table_PM   0x000736    program     static H:\Laboratory\Year 3\Micro - Not Broken\Jac-n-Dak\Sudoku-v1.X\Write_Cells.asm
         X_UMask_Table_PM   0x00076c    program     static H:\Laboratory\Year 3\Micro - Not Broken\Jac-n-Dak\Sudoku-v1.X\Write_Cells.asm
                    Xrdlp   0x00003e    program     static H:\Laboratory\Year 3\Micro - Not Broken\Jac-n-Dak\Sudoku-v1.X\Write_Cells.asm
               Y_Table_PM   0x000724    program     static H:\Laboratory\Year 3\Micro - Not Broken\Jac-n-Dak\Sudoku-v1.X\Write_Cells.asm
                    Yrdlp   0x00001e    program     static H:\Laboratory\Year 3\Micro - Not Broken\Jac-n-Dak\Sudoku-v1.X\Write_Cells.asm
               _main_0070   0x0004b6    program     static H:\Laboratory\Year 3\Micro - Not Broken\Jac-n-Dak\Sudoku-v1.X\Main.asm
                arrow_con   0x0004da    program     static H:\Laboratory\Year 3\Micro - Not Broken\Jac-n-Dak\Sudoku-v1.X\Sudoku_Logic.asm
                     bilp   0x0008e6    program     static H:\Laboratory\Year 3\Micro - Not Broken\Jac-n-Dak\Sudoku-v1.X\Draw_Grid.asm
                      blp   0x0008dc    program     static H:\Laboratory\Year 3\Micro - Not Broken\Jac-n-Dak\Sudoku-v1.X\Draw_Grid.asm
                    brtlp   0x00019a    program     static H:\Laboratory\Year 3\Micro - Not Broken\Jac-n-Dak\Sudoku-v1.X\Write_Cells.asm
                    bsslp   0x0001a2    program     static H:\Laboratory\Year 3\Micro - Not Broken\Jac-n-Dak\Sudoku-v1.X\Write_Cells.asm
                   cclrlp   0x0005f8    program     static H:\Laboratory\Year 3\Micro - Not Broken\Jac-n-Dak\Sudoku-v1.X\GLCD.asm
                     cmlp   0x0001f8    program     static H:\Laboratory\Year 3\Micro - Not Broken\Jac-n-Dak\Sudoku-v1.X\Write_Cells.asm
                 continue   0x00048c    program     static H:\Laboratory\Year 3\Micro - Not Broken\Jac-n-Dak\Sudoku-v1.X\Main.asm
       correct_board_exit   0x0004b2    program     static H:\Laboratory\Year 3\Micro - Not Broken\Jac-n-Dak\Sudoku-v1.X\Main.asm
                 curs_fix   0x000534    program     static H:\Laboratory\Year 3\Micro - Not Broken\Jac-n-Dak\Sudoku-v1.X\Sudoku_Logic.asm
          desired_outputs   0x000918    program     static H:\Laboratory\Year 3\Micro - Not Broken\Jac-n-Dak\Sudoku-v1.X\KeyPad.asm
                    dllp1   0x00071e    program     static H:\Laboratory\Year 3\Micro - Not Broken\Jac-n-Dak\Sudoku-v1.X\GLCD.asm
                    dllp1   0x0003ac    program     static H:\Laboratory\Year 3\Micro - Not Broken\Jac-n-Dak\Sudoku-v1.X\KeyPad.asm
              draw_bottom   0x00018a    program     static H:\Laboratory\Year 3\Micro - Not Broken\Jac-n-Dak\Sudoku-v1.X\Write_Cells.asm
               end_return   0x0004f2    program     static H:\Laboratory\Year 3\Micro - Not Broken\Jac-n-Dak\Sudoku-v1.X\Sudoku_Logic.asm
                     fplp   0x0005be    program     static H:\Laboratory\Year 3\Micro - Not Broken\Jac-n-Dak\Sudoku-v1.X\Sudoku_Setup.asm
            game_loop_end   0x000494    program     static H:\Laboratory\Year 3\Micro - Not Broken\Jac-n-Dak\Sudoku-v1.X\Main.asm
          game_loop_start   0x00045e    program     static H:\Laboratory\Year 3\Micro - Not Broken\Jac-n-Dak\Sudoku-v1.X\Main.asm
                  go_down   0x000504    program     static H:\Laboratory\Year 3\Micro - Not Broken\Jac-n-Dak\Sudoku-v1.X\Sudoku_Logic.asm
              go_down_con   0x00050c    program     static H:\Laboratory\Year 3\Micro - Not Broken\Jac-n-Dak\Sudoku-v1.X\Sudoku_Logic.asm
                  go_left   0x000524    program     static H:\Laboratory\Year 3\Micro - Not Broken\Jac-n-Dak\Sudoku-v1.X\Sudoku_Logic.asm
              go_left_con   0x00052c    program     static H:\Laboratory\Year 3\Micro - Not Broken\Jac-n-Dak\Sudoku-v1.X\Sudoku_Logic.asm
                 go_right   0x000514    program     static H:\Laboratory\Year 3\Micro - Not Broken\Jac-n-Dak\Sudoku-v1.X\Sudoku_Logic.asm
             go_right_con   0x00051c    program     static H:\Laboratory\Year 3\Micro - Not Broken\Jac-n-Dak\Sudoku-v1.X\Sudoku_Logic.asm
                    go_up   0x0004f4    program     static H:\Laboratory\Year 3\Micro - Not Broken\Jac-n-Dak\Sudoku-v1.X\Sudoku_Logic.asm
                go_up_con   0x0004fc    program     static H:\Laboratory\Year 3\Micro - Not Broken\Jac-n-Dak\Sudoku-v1.X\Sudoku_Logic.asm
                     idlp   0x0001c6    program     static H:\Laboratory\Year 3\Micro - Not Broken\Jac-n-Dak\Sudoku-v1.X\Write_Cells.asm
                  invalid   0x00056a    program     static H:\Laboratory\Year 3\Micro - Not Broken\Jac-n-Dak\Sudoku-v1.X\Board_Validation.asm
             keypad_codes   0x000908    program     static H:\Laboratory\Year 3\Micro - Not Broken\Jac-n-Dak\Sudoku-v1.X\KeyPad.asm
                  libloop   0x000432    program     static H:\Laboratory\Year 3\Micro - Not Broken\Jac-n-Dak\Sudoku-v1.X\KeyPad.asm
                     lllp   0x00039c    program     static H:\Laboratory\Year 3\Micro - Not Broken\Jac-n-Dak\Sudoku-v1.X\Write_Message.asm
              load_letter   0x00039a    program     static H:\Laboratory\Year 3\Micro - Not Broken\Jac-n-Dak\Sudoku-v1.X\Write_Message.asm
              logic_setup   0x0004ba    program     extern H:\Laboratory\Year 3\Micro - Not Broken\Jac-n-Dak\Sudoku-v1.X\Sudoku_Logic.asm
                    loop1   0x00056e    program     static H:\Laboratory\Year 3\Micro - Not Broken\Jac-n-Dak\Sudoku-v1.X\Board_Validation.asm
                    loop2   0x000582    program     static H:\Laboratory\Year 3\Micro - Not Broken\Jac-n-Dak\Sudoku-v1.X\Board_Validation.asm
                no_action   0x000444    program     static H:\Laboratory\Year 3\Micro - Not Broken\Jac-n-Dak\Sudoku-v1.X\KeyPad.asm
                    not_N   0x0004a2    program     static H:\Laboratory\Year 3\Micro - Not Broken\Jac-n-Dak\Sudoku-v1.X\Main.asm
                 not_full   0x000566    program     static H:\Laboratory\Year 3\Micro - Not Broken\Jac-n-Dak\Sudoku-v1.X\Board_Validation.asm
             pass_compare   0x00043e    program     static H:\Laboratory\Year 3\Micro - Not Broken\Jac-n-Dak\Sudoku-v1.X\KeyPad.asm
             pass_nothing   0x00041e    program     static H:\Laboratory\Year 3\Micro - Not Broken\Jac-n-Dak\Sudoku-v1.X\KeyPad.asm
              pass_repeat   0x000426    program     static H:\Laboratory\Year 3\Micro - Not Broken\Jac-n-Dak\Sudoku-v1.X\KeyPad.asm
                     pllp   0x00059e    program     static H:\Laboratory\Year 3\Micro - Not Broken\Jac-n-Dak\Sudoku-v1.X\Sudoku_Setup.asm
                     rblp   0x00063e    program     static H:\Laboratory\Year 3\Micro - Not Broken\Jac-n-Dak\Sudoku-v1.X\GLCD.asm
                   rclrlp   0x0005ee    program     static H:\Laboratory\Year 3\Micro - Not Broken\Jac-n-Dak\Sudoku-v1.X\GLCD.asm
                    rdlp1   0x0003d2    program     static H:\Laboratory\Year 3\Micro - Not Broken\Jac-n-Dak\Sudoku-v1.X\KeyPad.asm
                    rdlp2   0x0003ec    program     static H:\Laboratory\Year 3\Micro - Not Broken\Jac-n-Dak\Sudoku-v1.X\KeyPad.asm
           received_input   0x00046c    program     static H:\Laboratory\Year 3\Micro - Not Broken\Jac-n-Dak\Sudoku-v1.X\Main.asm
                     rplp   0x0006be    program     static H:\Laboratory\Year 3\Micro - Not Broken\Jac-n-Dak\Sudoku-v1.X\GLCD.asm
                    setup   0x000446    program     static H:\Laboratory\Year 3\Micro - Not Broken\Jac-n-Dak\Sudoku-v1.X\Main.asm
                     sllp   0x0005ae    program     static H:\Laboratory\Year 3\Micro - Not Broken\Jac-n-Dak\Sudoku-v1.X\Sudoku_Setup.asm
                    start   0x00045e    program     static H:\Laboratory\Year 3\Micro - Not Broken\Jac-n-Dak\Sudoku-v1.X\Main.asm
                    trtlp   0x00015e    program     static H:\Laboratory\Year 3\Micro - Not Broken\Jac-n-Dak\Sudoku-v1.X\Write_Cells.asm
                    tsslp   0x000166    program     static H:\Laboratory\Year 3\Micro - Not Broken\Jac-n-Dak\Sudoku-v1.X\Write_Cells.asm
                     twtp   0x0006ac    program     static H:\Laboratory\Year 3\Micro - Not Broken\Jac-n-Dak\Sudoku-v1.X\GLCD.asm
              update_game   0x0004d2    program     extern H:\Laboratory\Year 3\Micro - Not Broken\Jac-n-Dak\Sudoku-v1.X\Sudoku_Logic.asm
                 validate   0x00055e    program     extern H:\Laboratory\Year 3\Micro - Not Broken\Jac-n-Dak\Sudoku-v1.X\Board_Validation.asm
               validation   0x000474    program     static H:\Laboratory\Year 3\Micro - Not Broken\Jac-n-Dak\Sudoku-v1.X\Main.asm
                w_padding   0x00038e    program     static H:\Laboratory\Year 3\Micro - Not Broken\Jac-n-Dak\Sudoku-v1.X\Write_Message.asm
                     wblp   0x000616    program     static H:\Laboratory\Year 3\Micro - Not Broken\Jac-n-Dak\Sudoku-v1.X\GLCD.asm
                     wplp   0x000390    program     static H:\Laboratory\Year 3\Micro - Not Broken\Jac-n-Dak\Sudoku-v1.X\Write_Message.asm
            write_correct   0x000216    program     extern H:\Laboratory\Year 3\Micro - Not Broken\Jac-n-Dak\Sudoku-v1.X\Write_Message.asm
              write_wrong   0x0002e8    program     extern H:\Laboratory\Year 3\Micro - Not Broken\Jac-n-Dak\Sudoku-v1.X\Write_Message.asm
          wrt_solid_block   0x000128    program     static H:\Laboratory\Year 3\Micro - Not Broken\Jac-n-Dak\Sudoku-v1.X\Write_Cells.asm
             wrt_true_val   0x000112    program     static H:\Laboratory\Year 3\Micro - Not Broken\Jac-n-Dak\Sudoku-v1.X\Write_Cells.asm
                     DOWN   0x000026       data     static H:\Laboratory\Year 3\Micro - Not Broken\Jac-n-Dak\Sudoku-v1.X\Sudoku_Logic.asm
                    FIXED   0x000029       data     static H:\Laboratory\Year 3\Micro - Not Broken\Jac-n-Dak\Sudoku-v1.X\Sudoku_Logic.asm
                     LEFT   0x000028       data     static H:\Laboratory\Year 3\Micro - Not Broken\Jac-n-Dak\Sudoku-v1.X\Sudoku_Logic.asm
                 PadCodes   0x000600       data     static H:\Laboratory\Year 3\Micro - Not Broken\Jac-n-Dak\Sudoku-v1.X\KeyPad.asm
                    RIGHT   0x000027       data     static H:\Laboratory\Year 3\Micro - Not Broken\Jac-n-Dak\Sudoku-v1.X\Sudoku_Logic.asm
          Reading_Counter   0x00000b       data     static H:\Laboratory\Year 3\Micro - Not Broken\Jac-n-Dak\Sudoku-v1.X\Write_Cells.asm
             Shapes_Table   0x000500       data     static H:\Laboratory\Year 3\Micro - Not Broken\Jac-n-Dak\Sudoku-v1.X\Write_Cells.asm
                   Temprd   0x00002c       data     static H:\Laboratory\Year 3\Micro - Not Broken\Jac-n-Dak\Sudoku-v1.X\KeyPad.asm
                       UP   0x000025       data     static H:\Laboratory\Year 3\Micro - Not Broken\Jac-n-Dak\Sudoku-v1.X\Sudoku_Logic.asm
                     W_in   0x000024       data     static H:\Laboratory\Year 3\Micro - Not Broken\Jac-n-Dak\Sudoku-v1.X\Sudoku_Logic.asm
            X_LMask_Table   0x000439       data     static H:\Laboratory\Year 3\Micro - Not Broken\Jac-n-Dak\Sudoku-v1.X\Write_Cells.asm
                  X_Table   0x000409       data     static H:\Laboratory\Year 3\Micro - Not Broken\Jac-n-Dak\Sudoku-v1.X\Write_Cells.asm
            X_UMask_Table   0x000430       data     static H:\Laboratory\Year 3\Micro - Not Broken\Jac-n-Dak\Sudoku-v1.X\Write_Cells.asm
                  Y_Table   0x000400       data     static H:\Laboratory\Year 3\Micro - Not Broken\Jac-n-Dak\Sudoku-v1.X\Write_Cells.asm
              block_count   0x000020       data     static H:\Laboratory\Year 3\Micro - Not Broken\Jac-n-Dak\Sudoku-v1.X\Draw_Grid.asm
              block_count   0x000005       data     static H:\Laboratory\Year 3\Micro - Not Broken\Jac-n-Dak\Sudoku-v1.X\GLCD.asm
                  counter   0x00002a       data     static H:\Laboratory\Year 3\Micro - Not Broken\Jac-n-Dak\Sudoku-v1.X\Board_Validation.asm
                  counter   0x00002f       data     static H:\Laboratory\Year 3\Micro - Not Broken\Jac-n-Dak\Sudoku-v1.X\Write_Message.asm
                  counter   0x00001a       data     static H:\Laboratory\Year 3\Micro - Not Broken\Jac-n-Dak\Sudoku-v1.X\Write_Cells.asm
                  counter   0x000030       data     static H:\Laboratory\Year 3\Micro - Not Broken\Jac-n-Dak\Sudoku-v1.X\Sudoku_Setup.asm
                  counter   0x00002b       data     static H:\Laboratory\Year 3\Micro - Not Broken\Jac-n-Dak\Sudoku-v1.X\KeyPad.asm
              current_row   0x00001d       data     static H:\Laboratory\Year 3\Micro - Not Broken\Jac-n-Dak\Sudoku-v1.X\Draw_Grid.asm
                 cursor_x   0x000022       data     extern H:\Laboratory\Year 3\Micro - Not Broken\Jac-n-Dak\Sudoku-v1.X\Sudoku_Logic.asm
                 cursor_y   0x000023       data     extern H:\Laboratory\Year 3\Micro - Not Broken\Jac-n-Dak\Sudoku-v1.X\Sudoku_Logic.asm
              delay_count   0x00002d       data     static H:\Laboratory\Year 3\Micro - Not Broken\Jac-n-Dak\Sudoku-v1.X\KeyPad.asm
              delay_count   0x000000       data     static H:\Laboratory\Year 3\Micro - Not Broken\Jac-n-Dak\Sudoku-v1.X\GLCD.asm
             delay_count1   0x000001       data     static H:\Laboratory\Year 3\Micro - Not Broken\Jac-n-Dak\Sudoku-v1.X\GLCD.asm
             delay_count2   0x000002       data     static H:\Laboratory\Year 3\Micro - Not Broken\Jac-n-Dak\Sudoku-v1.X\GLCD.asm
        game_loop_counter   0x00001b       data     static H:\Laboratory\Year 3\Micro - Not Broken\Jac-n-Dak\Sudoku-v1.X\Main.asm
         horz_lin_pattern   0x00001f       data     static H:\Laboratory\Year 3\Micro - Not Broken\Jac-n-Dak\Sudoku-v1.X\Draw_Grid.asm
     internal_block_count   0x000021       data     static H:\Laboratory\Year 3\Micro - Not Broken\Jac-n-Dak\Sudoku-v1.X\Draw_Grid.asm
                     mask   0x00000e       data     static H:\Laboratory\Year 3\Micro - Not Broken\Jac-n-Dak\Sudoku-v1.X\Write_Cells.asm
              number_name   0x000007       data     extern H:\Laboratory\Year 3\Micro - Not Broken\Jac-n-Dak\Sudoku-v1.X\Write_Cells.asm
           previous_input   0x00002e       data     static H:\Laboratory\Year 3\Micro - Not Broken\Jac-n-Dak\Sudoku-v1.X\KeyPad.asm
                read_data   0x000010       data     static H:\Laboratory\Year 3\Micro - Not Broken\Jac-n-Dak\Sudoku-v1.X\Write_Cells.asm
           rotate_counter   0x00000f       data     static H:\Laboratory\Year 3\Micro - Not Broken\Jac-n-Dak\Sudoku-v1.X\Write_Cells.asm
              row_message   0x000300       data     static H:\Laboratory\Year 3\Micro - Not Broken\Jac-n-Dak\Sudoku-v1.X\Write_Message.asm
              shift_count   0x000006       data     static H:\Laboratory\Year 3\Micro - Not Broken\Jac-n-Dak\Sudoku-v1.X\GLCD.asm
            shifted_shape   0x000015       data     static H:\Laboratory\Year 3\Micro - Not Broken\Jac-n-Dak\Sudoku-v1.X\Write_Cells.asm
         sudoku_brdfixedp   0x000751       data     extern H:\Laboratory\Year 3\Micro - Not Broken\Jac-n-Dak\Sudoku-v1.X\Sudoku_Logic.asm
         sudoku_brdplayer   0x000700       data     extern H:\Laboratory\Year 3\Micro - Not Broken\Jac-n-Dak\Sudoku-v1.X\Sudoku_Logic.asm
       sudoku_brdsolution   0x000800       data     extern H:\Laboratory\Year 3\Micro - Not Broken\Jac-n-Dak\Sudoku-v1.X\Sudoku_Logic.asm
                 sudoku_x   0x000008       data     extern H:\Laboratory\Year 3\Micro - Not Broken\Jac-n-Dak\Sudoku-v1.X\Write_Cells.asm
                 sudoku_y   0x000009       data     extern H:\Laboratory\Year 3\Micro - Not Broken\Jac-n-Dak\Sudoku-v1.X\Write_Cells.asm
           test_col_count   0x000003       data     static H:\Laboratory\Year 3\Micro - Not Broken\Jac-n-Dak\Sudoku-v1.X\GLCD.asm
           test_row_count   0x000004       data     static H:\Laboratory\Year 3\Micro - Not Broken\Jac-n-Dak\Sudoku-v1.X\GLCD.asm
                    tlp_x   0x00000c       data     static H:\Laboratory\Year 3\Micro - Not Broken\Jac-n-Dak\Sudoku-v1.X\Write_Cells.asm
                    tlp_y   0x00000d       data     static H:\Laboratory\Year 3\Micro - Not Broken\Jac-n-Dak\Sudoku-v1.X\Write_Cells.asm
         vert_lin_pattern   0x00001e       data     static H:\Laboratory\Year 3\Micro - Not Broken\Jac-n-Dak\Sudoku-v1.X\Draw_Grid.asm
                  w_input   0x00000a       data     static H:\Laboratory\Year 3\Micro - Not Broken\Jac-n-Dak\Sudoku-v1.X\Write_Cells.asm
                  w_store   0x00001c       data     static H:\Laboratory\Year 3\Micro - Not Broken\Jac-n-Dak\Sudoku-v1.X\Main.asm



                              Symbols - Sorted by Address
                     Name    Address   Location    Storage File                     
                ---------  ---------  ---------  --------- ---------                
        Write_Cells_Setup   0x000006    program     extern H:\Laboratory\Year 3\Micro - Not Broken\Jac-n-Dak\Sudoku-v1.X\Write_Cells.asm
                    Yrdlp   0x00001e    program     static H:\Laboratory\Year 3\Micro - Not Broken\Jac-n-Dak\Sudoku-v1.X\Write_Cells.asm
                    Xrdlp   0x00003e    program     static H:\Laboratory\Year 3\Micro - Not Broken\Jac-n-Dak\Sudoku-v1.X\Write_Cells.asm
                   UMrdlp   0x00005e    program     static H:\Laboratory\Year 3\Micro - Not Broken\Jac-n-Dak\Sudoku-v1.X\Write_Cells.asm
                   LMrdlp   0x00007e    program     static H:\Laboratory\Year 3\Micro - Not Broken\Jac-n-Dak\Sudoku-v1.X\Write_Cells.asm
                   S1rdlp   0x00009e    program     static H:\Laboratory\Year 3\Micro - Not Broken\Jac-n-Dak\Sudoku-v1.X\Write_Cells.asm
                   S2rdlp   0x0000ba    program     static H:\Laboratory\Year 3\Micro - Not Broken\Jac-n-Dak\Sudoku-v1.X\Write_Cells.asm
                   S3rdlp   0x0000d6    program     static H:\Laboratory\Year 3\Micro - Not Broken\Jac-n-Dak\Sudoku-v1.X\Write_Cells.asm
                   S4rdlp   0x0000f2    program     static H:\Laboratory\Year 3\Micro - Not Broken\Jac-n-Dak\Sudoku-v1.X\Write_Cells.asm
             Write_Cursor   0x000100    program     extern H:\Laboratory\Year 3\Micro - Not Broken\Jac-n-Dak\Sudoku-v1.X\Write_Cells.asm
             wrt_true_val   0x000112    program     static H:\Laboratory\Year 3\Micro - Not Broken\Jac-n-Dak\Sudoku-v1.X\Write_Cells.asm
          wrt_solid_block   0x000128    program     static H:\Laboratory\Year 3\Micro - Not Broken\Jac-n-Dak\Sudoku-v1.X\Write_Cells.asm
               Write_Cell   0x000132    program     extern H:\Laboratory\Year 3\Micro - Not Broken\Jac-n-Dak\Sudoku-v1.X\Write_Cells.asm
                    trtlp   0x00015e    program     static H:\Laboratory\Year 3\Micro - Not Broken\Jac-n-Dak\Sudoku-v1.X\Write_Cells.asm
                    tsslp   0x000166    program     static H:\Laboratory\Year 3\Micro - Not Broken\Jac-n-Dak\Sudoku-v1.X\Write_Cells.asm
              draw_bottom   0x00018a    program     static H:\Laboratory\Year 3\Micro - Not Broken\Jac-n-Dak\Sudoku-v1.X\Write_Cells.asm
                    brtlp   0x00019a    program     static H:\Laboratory\Year 3\Micro - Not Broken\Jac-n-Dak\Sudoku-v1.X\Write_Cells.asm
                    bsslp   0x0001a2    program     static H:\Laboratory\Year 3\Micro - Not Broken\Jac-n-Dak\Sudoku-v1.X\Write_Cells.asm
            Read_in_Shape   0x0001b4    program     static H:\Laboratory\Year 3\Micro - Not Broken\Jac-n-Dak\Sudoku-v1.X\Write_Cells.asm
                     idlp   0x0001c6    program     static H:\Laboratory\Year 3\Micro - Not Broken\Jac-n-Dak\Sudoku-v1.X\Write_Cells.asm
Read_and_Replace_GLCD_Chunk   0x0001d2    program     static H:\Laboratory\Year 3\Micro - Not Broken\Jac-n-Dak\Sudoku-v1.X\Write_Cells.asm
                     cmlp   0x0001f8    program     static H:\Laboratory\Year 3\Micro - Not Broken\Jac-n-Dak\Sudoku-v1.X\Write_Cells.asm
            write_correct   0x000216    program     extern H:\Laboratory\Year 3\Micro - Not Broken\Jac-n-Dak\Sudoku-v1.X\Write_Message.asm
              write_wrong   0x0002e8    program     extern H:\Laboratory\Year 3\Micro - Not Broken\Jac-n-Dak\Sudoku-v1.X\Write_Message.asm
                w_padding   0x00038e    program     static H:\Laboratory\Year 3\Micro - Not Broken\Jac-n-Dak\Sudoku-v1.X\Write_Message.asm
                     wplp   0x000390    program     static H:\Laboratory\Year 3\Micro - Not Broken\Jac-n-Dak\Sudoku-v1.X\Write_Message.asm
              load_letter   0x00039a    program     static H:\Laboratory\Year 3\Micro - Not Broken\Jac-n-Dak\Sudoku-v1.X\Write_Message.asm
                     lllp   0x00039c    program     static H:\Laboratory\Year 3\Micro - Not Broken\Jac-n-Dak\Sudoku-v1.X\Write_Message.asm
                    Delay   0x0003a8    program     static H:\Laboratory\Year 3\Micro - Not Broken\Jac-n-Dak\Sudoku-v1.X\KeyPad.asm
                    dllp1   0x0003ac    program     static H:\Laboratory\Year 3\Micro - Not Broken\Jac-n-Dak\Sudoku-v1.X\KeyPad.asm
                 PadSetup   0x0003b2    program     extern H:\Laboratory\Year 3\Micro - Not Broken\Jac-n-Dak\Sudoku-v1.X\KeyPad.asm
                    rdlp1   0x0003d2    program     static H:\Laboratory\Year 3\Micro - Not Broken\Jac-n-Dak\Sudoku-v1.X\KeyPad.asm
                    rdlp2   0x0003ec    program     static H:\Laboratory\Year 3\Micro - Not Broken\Jac-n-Dak\Sudoku-v1.X\KeyPad.asm
               Give_Input   0x0003f8    program     extern H:\Laboratory\Year 3\Micro - Not Broken\Jac-n-Dak\Sudoku-v1.X\KeyPad.asm
             pass_nothing   0x00041e    program     static H:\Laboratory\Year 3\Micro - Not Broken\Jac-n-Dak\Sudoku-v1.X\KeyPad.asm
              pass_repeat   0x000426    program     static H:\Laboratory\Year 3\Micro - Not Broken\Jac-n-Dak\Sudoku-v1.X\KeyPad.asm
                  libloop   0x000432    program     static H:\Laboratory\Year 3\Micro - Not Broken\Jac-n-Dak\Sudoku-v1.X\KeyPad.asm
             pass_compare   0x00043e    program     static H:\Laboratory\Year 3\Micro - Not Broken\Jac-n-Dak\Sudoku-v1.X\KeyPad.asm
                no_action   0x000444    program     static H:\Laboratory\Year 3\Micro - Not Broken\Jac-n-Dak\Sudoku-v1.X\KeyPad.asm
                    setup   0x000446    program     static H:\Laboratory\Year 3\Micro - Not Broken\Jac-n-Dak\Sudoku-v1.X\Main.asm
                    start   0x00045e    program     static H:\Laboratory\Year 3\Micro - Not Broken\Jac-n-Dak\Sudoku-v1.X\Main.asm
          game_loop_start   0x00045e    program     static H:\Laboratory\Year 3\Micro - Not Broken\Jac-n-Dak\Sudoku-v1.X\Main.asm
           received_input   0x00046c    program     static H:\Laboratory\Year 3\Micro - Not Broken\Jac-n-Dak\Sudoku-v1.X\Main.asm
               validation   0x000474    program     static H:\Laboratory\Year 3\Micro - Not Broken\Jac-n-Dak\Sudoku-v1.X\Main.asm
                 continue   0x00048c    program     static H:\Laboratory\Year 3\Micro - Not Broken\Jac-n-Dak\Sudoku-v1.X\Main.asm
            game_loop_end   0x000494    program     static H:\Laboratory\Year 3\Micro - Not Broken\Jac-n-Dak\Sudoku-v1.X\Main.asm
                    not_N   0x0004a2    program     static H:\Laboratory\Year 3\Micro - Not Broken\Jac-n-Dak\Sudoku-v1.X\Main.asm
       correct_board_exit   0x0004b2    program     static H:\Laboratory\Year 3\Micro - Not Broken\Jac-n-Dak\Sudoku-v1.X\Main.asm
               _main_0070   0x0004b6    program     static H:\Laboratory\Year 3\Micro - Not Broken\Jac-n-Dak\Sudoku-v1.X\Main.asm
              logic_setup   0x0004ba    program     extern H:\Laboratory\Year 3\Micro - Not Broken\Jac-n-Dak\Sudoku-v1.X\Sudoku_Logic.asm
              update_game   0x0004d2    program     extern H:\Laboratory\Year 3\Micro - Not Broken\Jac-n-Dak\Sudoku-v1.X\Sudoku_Logic.asm
                arrow_con   0x0004da    program     static H:\Laboratory\Year 3\Micro - Not Broken\Jac-n-Dak\Sudoku-v1.X\Sudoku_Logic.asm
                     Down   0x0004e0    program     static H:\Laboratory\Year 3\Micro - Not Broken\Jac-n-Dak\Sudoku-v1.X\Sudoku_Logic.asm
                    Right   0x0004e6    program     static H:\Laboratory\Year 3\Micro - Not Broken\Jac-n-Dak\Sudoku-v1.X\Sudoku_Logic.asm
                     Left   0x0004ec    program     static H:\Laboratory\Year 3\Micro - Not Broken\Jac-n-Dak\Sudoku-v1.X\Sudoku_Logic.asm
               end_return   0x0004f2    program     static H:\Laboratory\Year 3\Micro - Not Broken\Jac-n-Dak\Sudoku-v1.X\Sudoku_Logic.asm
                    go_up   0x0004f4    program     static H:\Laboratory\Year 3\Micro - Not Broken\Jac-n-Dak\Sudoku-v1.X\Sudoku_Logic.asm
                go_up_con   0x0004fc    program     static H:\Laboratory\Year 3\Micro - Not Broken\Jac-n-Dak\Sudoku-v1.X\Sudoku_Logic.asm
                  go_down   0x000504    program     static H:\Laboratory\Year 3\Micro - Not Broken\Jac-n-Dak\Sudoku-v1.X\Sudoku_Logic.asm
              go_down_con   0x00050c    program     static H:\Laboratory\Year 3\Micro - Not Broken\Jac-n-Dak\Sudoku-v1.X\Sudoku_Logic.asm
                 go_right   0x000514    program     static H:\Laboratory\Year 3\Micro - Not Broken\Jac-n-Dak\Sudoku-v1.X\Sudoku_Logic.asm
             go_right_con   0x00051c    program     static H:\Laboratory\Year 3\Micro - Not Broken\Jac-n-Dak\Sudoku-v1.X\Sudoku_Logic.asm
                  go_left   0x000524    program     static H:\Laboratory\Year 3\Micro - Not Broken\Jac-n-Dak\Sudoku-v1.X\Sudoku_Logic.asm
              go_left_con   0x00052c    program     static H:\Laboratory\Year 3\Micro - Not Broken\Jac-n-Dak\Sudoku-v1.X\Sudoku_Logic.asm
                 curs_fix   0x000534    program     static H:\Laboratory\Year 3\Micro - Not Broken\Jac-n-Dak\Sudoku-v1.X\Sudoku_Logic.asm
                 validate   0x00055e    program     extern H:\Laboratory\Year 3\Micro - Not Broken\Jac-n-Dak\Sudoku-v1.X\Board_Validation.asm
                 not_full   0x000566    program     static H:\Laboratory\Year 3\Micro - Not Broken\Jac-n-Dak\Sudoku-v1.X\Board_Validation.asm
                  invalid   0x00056a    program     static H:\Laboratory\Year 3\Micro - Not Broken\Jac-n-Dak\Sudoku-v1.X\Board_Validation.asm
                    loop1   0x00056e    program     static H:\Laboratory\Year 3\Micro - Not Broken\Jac-n-Dak\Sudoku-v1.X\Board_Validation.asm
                    loop2   0x000582    program     static H:\Laboratory\Year 3\Micro - Not Broken\Jac-n-Dak\Sudoku-v1.X\Board_Validation.asm
             Create_Board   0x000590    program     extern H:\Laboratory\Year 3\Micro - Not Broken\Jac-n-Dak\Sudoku-v1.X\Sudoku_Setup.asm
                     pllp   0x00059e    program     static H:\Laboratory\Year 3\Micro - Not Broken\Jac-n-Dak\Sudoku-v1.X\Sudoku_Setup.asm
                     sllp   0x0005ae    program     static H:\Laboratory\Year 3\Micro - Not Broken\Jac-n-Dak\Sudoku-v1.X\Sudoku_Setup.asm
                     fplp   0x0005be    program     static H:\Laboratory\Year 3\Micro - Not Broken\Jac-n-Dak\Sudoku-v1.X\Sudoku_Setup.asm
               GLCD_Setup   0x0005c6    program     extern H:\Laboratory\Year 3\Micro - Not Broken\Jac-n-Dak\Sudoku-v1.X\GLCD.asm
              Clear_Board   0x0005ec    program     extern H:\Laboratory\Year 3\Micro - Not Broken\Jac-n-Dak\Sudoku-v1.X\GLCD.asm
                   rclrlp   0x0005ee    program     static H:\Laboratory\Year 3\Micro - Not Broken\Jac-n-Dak\Sudoku-v1.X\GLCD.asm
                   cclrlp   0x0005f8    program     static H:\Laboratory\Year 3\Micro - Not Broken\Jac-n-Dak\Sudoku-v1.X\GLCD.asm
              Write_Block   0x000610    program     extern H:\Laboratory\Year 3\Micro - Not Broken\Jac-n-Dak\Sudoku-v1.X\GLCD.asm
                     wblp   0x000616    program     static H:\Laboratory\Year 3\Micro - Not Broken\Jac-n-Dak\Sudoku-v1.X\GLCD.asm
            Write_Block_2   0x000624    program     extern H:\Laboratory\Year 3\Micro - Not Broken\Jac-n-Dak\Sudoku-v1.X\GLCD.asm
               Read_Block   0x000632    program     extern H:\Laboratory\Year 3\Micro - Not Broken\Jac-n-Dak\Sudoku-v1.X\GLCD.asm
                     rblp   0x00063e    program     static H:\Laboratory\Year 3\Micro - Not Broken\Jac-n-Dak\Sudoku-v1.X\GLCD.asm
               Test_Write   0x000656    program     extern H:\Laboratory\Year 3\Micro - Not Broken\Jac-n-Dak\Sudoku-v1.X\GLCD.asm
             Test_Write_2   0x0006aa    program     extern H:\Laboratory\Year 3\Micro - Not Broken\Jac-n-Dak\Sudoku-v1.X\GLCD.asm
                     twtp   0x0006ac    program     static H:\Laboratory\Year 3\Micro - Not Broken\Jac-n-Dak\Sudoku-v1.X\GLCD.asm
                     rplp   0x0006be    program     static H:\Laboratory\Year 3\Micro - Not Broken\Jac-n-Dak\Sudoku-v1.X\GLCD.asm
        Reset_GLCD_Cursor   0x0006d6    program     static H:\Laboratory\Year 3\Micro - Not Broken\Jac-n-Dak\Sudoku-v1.X\GLCD.asm
        Set_GLCD_Cursor_X   0x0006e4    program     extern H:\Laboratory\Year 3\Micro - Not Broken\Jac-n-Dak\Sudoku-v1.X\GLCD.asm
        Set_GLCD_Cursor_Y   0x0006ec    program     extern H:\Laboratory\Year 3\Micro - Not Broken\Jac-n-Dak\Sudoku-v1.X\GLCD.asm
                Send_Data   0x0006f4    program     extern H:\Laboratory\Year 3\Micro - Not Broken\Jac-n-Dak\Sudoku-v1.X\GLCD.asm
               Send_Instr   0x000700    program     static H:\Laboratory\Year 3\Micro - Not Broken\Jac-n-Dak\Sudoku-v1.X\GLCD.asm
                  E_Pulse   0x00070c    program     static H:\Laboratory\Year 3\Micro - Not Broken\Jac-n-Dak\Sudoku-v1.X\GLCD.asm
                    Delay   0x00071a    program     static H:\Laboratory\Year 3\Micro - Not Broken\Jac-n-Dak\Sudoku-v1.X\GLCD.asm
                    dllp1   0x00071e    program     static H:\Laboratory\Year 3\Micro - Not Broken\Jac-n-Dak\Sudoku-v1.X\GLCD.asm
               Y_Table_PM   0x000724    program     static H:\Laboratory\Year 3\Micro - Not Broken\Jac-n-Dak\Sudoku-v1.X\Write_Cells.asm
               X_Table_PM   0x000736    program     static H:\Laboratory\Year 3\Micro - Not Broken\Jac-n-Dak\Sudoku-v1.X\Write_Cells.asm
         X_UMask_Table_PM   0x00076c    program     static H:\Laboratory\Year 3\Micro - Not Broken\Jac-n-Dak\Sudoku-v1.X\Write_Cells.asm
         X_LMask_Table_PM   0x00077e    program     static H:\Laboratory\Year 3\Micro - Not Broken\Jac-n-Dak\Sudoku-v1.X\Write_Cells.asm
               Shapes_PM1   0x000790    program     static H:\Laboratory\Year 3\Micro - Not Broken\Jac-n-Dak\Sudoku-v1.X\Write_Cells.asm
               Shapes_PM2   0x0007ae    program     static H:\Laboratory\Year 3\Micro - Not Broken\Jac-n-Dak\Sudoku-v1.X\Write_Cells.asm
               Shapes_PM3   0x0007cc    program     static H:\Laboratory\Year 3\Micro - Not Broken\Jac-n-Dak\Sudoku-v1.X\Write_Cells.asm
               Shapes_PM4   0x0007ea    program     static H:\Laboratory\Year 3\Micro - Not Broken\Jac-n-Dak\Sudoku-v1.X\Write_Cells.asm
                     C_PM   0x0007fe    program     static H:\Laboratory\Year 3\Micro - Not Broken\Jac-n-Dak\Sudoku-v1.X\Write_Message.asm
                     O_PM   0x000806    program     static H:\Laboratory\Year 3\Micro - Not Broken\Jac-n-Dak\Sudoku-v1.X\Write_Message.asm
                     R_PM   0x00080e    program     static H:\Laboratory\Year 3\Micro - Not Broken\Jac-n-Dak\Sudoku-v1.X\Write_Message.asm
                     E_PM   0x000816    program     static H:\Laboratory\Year 3\Micro - Not Broken\Jac-n-Dak\Sudoku-v1.X\Write_Message.asm
                     T_PM   0x00081e    program     static H:\Laboratory\Year 3\Micro - Not Broken\Jac-n-Dak\Sudoku-v1.X\Write_Message.asm
                E_Mark_PM   0x000828    program     static H:\Laboratory\Year 3\Micro - Not Broken\Jac-n-Dak\Sudoku-v1.X\Write_Message.asm
                     W_PM   0x00082a    program     static H:\Laboratory\Year 3\Micro - Not Broken\Jac-n-Dak\Sudoku-v1.X\Write_Message.asm
                     N_PM   0x000834    program     static H:\Laboratory\Year 3\Micro - Not Broken\Jac-n-Dak\Sudoku-v1.X\Write_Message.asm
                     G_PM   0x00083c    program     static H:\Laboratory\Year 3\Micro - Not Broken\Jac-n-Dak\Sudoku-v1.X\Write_Message.asm
                Draw_Grid   0x000844    program     extern H:\Laboratory\Year 3\Micro - Not Broken\Jac-n-Dak\Sudoku-v1.X\Draw_Grid.asm
            Draw_Grid_Row   0x0008c6    program     static H:\Laboratory\Year 3\Micro - Not Broken\Jac-n-Dak\Sudoku-v1.X\Draw_Grid.asm
                      blp   0x0008dc    program     static H:\Laboratory\Year 3\Micro - Not Broken\Jac-n-Dak\Sudoku-v1.X\Draw_Grid.asm
                     bilp   0x0008e6    program     static H:\Laboratory\Year 3\Micro - Not Broken\Jac-n-Dak\Sudoku-v1.X\Draw_Grid.asm
             keypad_codes   0x000908    program     static H:\Laboratory\Year 3\Micro - Not Broken\Jac-n-Dak\Sudoku-v1.X\KeyPad.asm
          desired_outputs   0x000918    program     static H:\Laboratory\Year 3\Micro - Not Broken\Jac-n-Dak\Sudoku-v1.X\KeyPad.asm
              delay_count   0x000000       data     static H:\Laboratory\Year 3\Micro - Not Broken\Jac-n-Dak\Sudoku-v1.X\GLCD.asm
             delay_count1   0x000001       data     static H:\Laboratory\Year 3\Micro - Not Broken\Jac-n-Dak\Sudoku-v1.X\GLCD.asm
             delay_count2   0x000002       data     static H:\Laboratory\Year 3\Micro - Not Broken\Jac-n-Dak\Sudoku-v1.X\GLCD.asm
           test_col_count   0x000003       data     static H:\Laboratory\Year 3\Micro - Not Broken\Jac-n-Dak\Sudoku-v1.X\GLCD.asm
           test_row_count   0x000004       data     static H:\Laboratory\Year 3\Micro - Not Broken\Jac-n-Dak\Sudoku-v1.X\GLCD.asm
              block_count   0x000005       data     static H:\Laboratory\Year 3\Micro - Not Broken\Jac-n-Dak\Sudoku-v1.X\GLCD.asm
              shift_count   0x000006       data     static H:\Laboratory\Year 3\Micro - Not Broken\Jac-n-Dak\Sudoku-v1.X\GLCD.asm
              number_name   0x000007       data     extern H:\Laboratory\Year 3\Micro - Not Broken\Jac-n-Dak\Sudoku-v1.X\Write_Cells.asm
                 sudoku_x   0x000008       data     extern H:\Laboratory\Year 3\Micro - Not Broken\Jac-n-Dak\Sudoku-v1.X\Write_Cells.asm
                 sudoku_y   0x000009       data     extern H:\Laboratory\Year 3\Micro - Not Broken\Jac-n-Dak\Sudoku-v1.X\Write_Cells.asm
                  w_input   0x00000a       data     static H:\Laboratory\Year 3\Micro - Not Broken\Jac-n-Dak\Sudoku-v1.X\Write_Cells.asm
          Reading_Counter   0x00000b       data     static H:\Laboratory\Year 3\Micro - Not Broken\Jac-n-Dak\Sudoku-v1.X\Write_Cells.asm
                    tlp_x   0x00000c       data     static H:\Laboratory\Year 3\Micro - Not Broken\Jac-n-Dak\Sudoku-v1.X\Write_Cells.asm
                    tlp_y   0x00000d       data     static H:\Laboratory\Year 3\Micro - Not Broken\Jac-n-Dak\Sudoku-v1.X\Write_Cells.asm
                     mask   0x00000e       data     static H:\Laboratory\Year 3\Micro - Not Broken\Jac-n-Dak\Sudoku-v1.X\Write_Cells.asm
           rotate_counter   0x00000f       data     static H:\Laboratory\Year 3\Micro - Not Broken\Jac-n-Dak\Sudoku-v1.X\Write_Cells.asm
                read_data   0x000010       data     static H:\Laboratory\Year 3\Micro - Not Broken\Jac-n-Dak\Sudoku-v1.X\Write_Cells.asm
            shifted_shape   0x000015       data     static H:\Laboratory\Year 3\Micro - Not Broken\Jac-n-Dak\Sudoku-v1.X\Write_Cells.asm
                  counter   0x00001a       data     static H:\Laboratory\Year 3\Micro - Not Broken\Jac-n-Dak\Sudoku-v1.X\Write_Cells.asm
        game_loop_counter   0x00001b       data     static H:\Laboratory\Year 3\Micro - Not Broken\Jac-n-Dak\Sudoku-v1.X\Main.asm
                  w_store   0x00001c       data     static H:\Laboratory\Year 3\Micro - Not Broken\Jac-n-Dak\Sudoku-v1.X\Main.asm
              current_row   0x00001d       data     static H:\Laboratory\Year 3\Micro - Not Broken\Jac-n-Dak\Sudoku-v1.X\Draw_Grid.asm
         vert_lin_pattern   0x00001e       data     static H:\Laboratory\Year 3\Micro - Not Broken\Jac-n-Dak\Sudoku-v1.X\Draw_Grid.asm
         horz_lin_pattern   0x00001f       data     static H:\Laboratory\Year 3\Micro - Not Broken\Jac-n-Dak\Sudoku-v1.X\Draw_Grid.asm
              block_count   0x000020       data     static H:\Laboratory\Year 3\Micro - Not Broken\Jac-n-Dak\Sudoku-v1.X\Draw_Grid.asm
     internal_block_count   0x000021       data     static H:\Laboratory\Year 3\Micro - Not Broken\Jac-n-Dak\Sudoku-v1.X\Draw_Grid.asm
                 cursor_x   0x000022       data     extern H:\Laboratory\Year 3\Micro - Not Broken\Jac-n-Dak\Sudoku-v1.X\Sudoku_Logic.asm
                 cursor_y   0x000023       data     extern H:\Laboratory\Year 3\Micro - Not Broken\Jac-n-Dak\Sudoku-v1.X\Sudoku_Logic.asm
                     W_in   0x000024       data     static H:\Laboratory\Year 3\Micro - Not Broken\Jac-n-Dak\Sudoku-v1.X\Sudoku_Logic.asm
                       UP   0x000025       data     static H:\Laboratory\Year 3\Micro - Not Broken\Jac-n-Dak\Sudoku-v1.X\Sudoku_Logic.asm
                     DOWN   0x000026       data     static H:\Laboratory\Year 3\Micro - Not Broken\Jac-n-Dak\Sudoku-v1.X\Sudoku_Logic.asm
                    RIGHT   0x000027       data     static H:\Laboratory\Year 3\Micro - Not Broken\Jac-n-Dak\Sudoku-v1.X\Sudoku_Logic.asm
                     LEFT   0x000028       data     static H:\Laboratory\Year 3\Micro - Not Broken\Jac-n-Dak\Sudoku-v1.X\Sudoku_Logic.asm
                    FIXED   0x000029       data     static H:\Laboratory\Year 3\Micro - Not Broken\Jac-n-Dak\Sudoku-v1.X\Sudoku_Logic.asm
                  counter   0x00002a       data     static H:\Laboratory\Year 3\Micro - Not Broken\Jac-n-Dak\Sudoku-v1.X\Board_Validation.asm
                  counter   0x00002b       data     static H:\Laboratory\Year 3\Micro - Not Broken\Jac-n-Dak\Sudoku-v1.X\KeyPad.asm
                   Temprd   0x00002c       data     static H:\Laboratory\Year 3\Micro - Not Broken\Jac-n-Dak\Sudoku-v1.X\KeyPad.asm
              delay_count   0x00002d       data     static H:\Laboratory\Year 3\Micro - Not Broken\Jac-n-Dak\Sudoku-v1.X\KeyPad.asm
           previous_input   0x00002e       data     static H:\Laboratory\Year 3\Micro - Not Broken\Jac-n-Dak\Sudoku-v1.X\KeyPad.asm
                  counter   0x00002f       data     static H:\Laboratory\Year 3\Micro - Not Broken\Jac-n-Dak\Sudoku-v1.X\Write_Message.asm
                  counter   0x000030       data     static H:\Laboratory\Year 3\Micro - Not Broken\Jac-n-Dak\Sudoku-v1.X\Sudoku_Setup.asm
              row_message   0x000300       data     static H:\Laboratory\Year 3\Micro - Not Broken\Jac-n-Dak\Sudoku-v1.X\Write_Message.asm
                  Y_Table   0x000400       data     static H:\Laboratory\Year 3\Micro - Not Broken\Jac-n-Dak\Sudoku-v1.X\Write_Cells.asm
                  X_Table   0x000409       data     static H:\Laboratory\Year 3\Micro - Not Broken\Jac-n-Dak\Sudoku-v1.X\Write_Cells.asm
            X_UMask_Table   0x000430       data     static H:\Laboratory\Year 3\Micro - Not Broken\Jac-n-Dak\Sudoku-v1.X\Write_Cells.asm
            X_LMask_Table   0x000439       data     static H:\Laboratory\Year 3\Micro - Not Broken\Jac-n-Dak\Sudoku-v1.X\Write_Cells.asm
             Shapes_Table   0x000500       data     static H:\Laboratory\Year 3\Micro - Not Broken\Jac-n-Dak\Sudoku-v1.X\Write_Cells.asm
                 PadCodes   0x000600       data     static H:\Laboratory\Year 3\Micro - Not Broken\Jac-n-Dak\Sudoku-v1.X\KeyPad.asm
         sudoku_brdplayer   0x000700       data     extern H:\Laboratory\Year 3\Micro - Not Broken\Jac-n-Dak\Sudoku-v1.X\Sudoku_Logic.asm
         sudoku_brdfixedp   0x000751       data     extern H:\Laboratory\Year 3\Micro - Not Broken\Jac-n-Dak\Sudoku-v1.X\Sudoku_Logic.asm
       sudoku_brdsolution   0x000800       data     extern H:\Laboratory\Year 3\Micro - Not Broken\Jac-n-Dak\Sudoku-v1.X\Sudoku_Logic.asm


