MPLINK 5.09, LINKER
Linker Map File - Created Mon Feb 17 14:08:17 2020

                                 Section Info
                  Section       Type    Address   Location Size(Bytes)
                ---------  ---------  ---------  ---------  ---------
                      rst       code   0x000000    program   0x000004
                   .cinit    romdata   0x000004    program   0x000002
                     Main       code   0x000006    program   0x00015a
                     glcd       code   0x000160    program   0x000140
                     main       code   0x0002a0    program   0x0000ce
                  Storage       code   0x00036e    program   0x0000ce
                     grid       code   0x00043c    program   0x0000c4
              PMCodeTable       code   0x000500    program   0x000022
.config_300000_BUILD/DEFAULT/DEBUG/CONFIG.O    romdata   0x300000    program   0x000001
.config_300001_BUILD/DEFAULT/DEBUG/CONFIG.O    romdata   0x300001    program   0x000001
.config_300002_BUILD/DEFAULT/DEBUG/CONFIG.O    romdata   0x300002    program   0x000001
.config_300003_BUILD/DEFAULT/DEBUG/CONFIG.O    romdata   0x300003    program   0x000001
.config_300004_BUILD/DEFAULT/DEBUG/CONFIG.O    romdata   0x300004    program   0x000001
.config_300005_BUILD/DEFAULT/DEBUG/CONFIG.O    romdata   0x300005    program   0x000001
.config_300006_BUILD/DEFAULT/DEBUG/CONFIG.O    romdata   0x300006    program   0x000001
.config_300008_BUILD/DEFAULT/DEBUG/CONFIG.O    romdata   0x300008    program   0x000001
.config_300009_BUILD/DEFAULT/DEBUG/CONFIG.O    romdata   0x300009    program   0x000001
.config_30000A_BUILD/DEFAULT/DEBUG/CONFIG.O    romdata   0x30000a    program   0x000001
.config_30000B_BUILD/DEFAULT/DEBUG/CONFIG.O    romdata   0x30000b    program   0x000001
.config_30000C_BUILD/DEFAULT/DEBUG/CONFIG.O    romdata   0x30000c    program   0x000001
.config_30000D_BUILD/DEFAULT/DEBUG/CONFIG.O    romdata   0x30000d    program   0x000001
                   PadLoc      udata   0x000000       data   0x000024
                     acs0      udata   0x000024       data   0x00001d
                   Tables      udata   0x000400       data   0x000042
                  Tables2      udata   0x000600       data   0x000050



                              Program Memory Usage 
                               Start         End      
                           ---------   ---------      
                            0x000000    0x000521      
                            0x300000    0x300006      
                            0x300008    0x30000d      
            1327 out of 132120 program addresses used, program memory utilization is 1%



                              Symbols - Sorted by Name
                     Name    Address   Location    Storage File                     
                ---------  ---------  ---------  --------- ---------                
              Clear_Board   0x000182    program     extern C:\Users\Jac\Documents\PHYSICS\Year 3\year 3 labs\Microprocessor\Jac-n-Dak\Sudoku-v1.X\GLCD.asm
                    Delay   0x000296    program     static C:\Users\Jac\Documents\PHYSICS\Year 3\year 3 labs\Microprocessor\Jac-n-Dak\Sudoku-v1.X\GLCD.asm
                Draw_Grid   0x00043c    program     extern C:\Users\Jac\Documents\PHYSICS\Year 3\year 3 labs\Microprocessor\Jac-n-Dak\Sudoku-v1.X\Draw_Grid.asm
            Draw_Grid_Row   0x0004be    program     static C:\Users\Jac\Documents\PHYSICS\Year 3\year 3 labs\Microprocessor\Jac-n-Dak\Sudoku-v1.X\Draw_Grid.asm
                  E_Pulse   0x000288    program     static C:\Users\Jac\Documents\PHYSICS\Year 3\year 3 labs\Microprocessor\Jac-n-Dak\Sudoku-v1.X\GLCD.asm
               GLCD_Setup   0x000160    program     extern C:\Users\Jac\Documents\PHYSICS\Year 3\year 3 labs\Microprocessor\Jac-n-Dak\Sudoku-v1.X\GLCD.asm
                   LMrdlp   0x00007e    program     static C:\Users\Jac\Documents\PHYSICS\Year 3\year 3 labs\Microprocessor\Jac-n-Dak\Sudoku-v1.X\Write_Cells.asm
                     Lib1   0x000308    program     static C:\Users\Jac\Documents\PHYSICS\Year 3\year 3 labs\Microprocessor\Jac-n-Dak\Sudoku-v1.X\KeyPad.asm
                     Lib2   0x000314    program     static C:\Users\Jac\Documents\PHYSICS\Year 3\year 3 labs\Microprocessor\Jac-n-Dak\Sudoku-v1.X\KeyPad.asm
                 PadSetup   0x0002b2    program     extern C:\Users\Jac\Documents\PHYSICS\Year 3\year 3 labs\Microprocessor\Jac-n-Dak\Sudoku-v1.X\KeyPad.asm
                  ReadPad   0x0002da    program     extern C:\Users\Jac\Documents\PHYSICS\Year 3\year 3 labs\Microprocessor\Jac-n-Dak\Sudoku-v1.X\KeyPad.asm
               Read_Block   0x0001ba    program     extern C:\Users\Jac\Documents\PHYSICS\Year 3\year 3 labs\Microprocessor\Jac-n-Dak\Sudoku-v1.X\GLCD.asm
             Reset_Cursor   0x000252    program     static C:\Users\Jac\Documents\PHYSICS\Year 3\year 3 labs\Microprocessor\Jac-n-Dak\Sudoku-v1.X\GLCD.asm
                   S1rdlp   0x00009e    program     static C:\Users\Jac\Documents\PHYSICS\Year 3\year 3 labs\Microprocessor\Jac-n-Dak\Sudoku-v1.X\Write_Cells.asm
                   S2rdlp   0x0000ba    program     static C:\Users\Jac\Documents\PHYSICS\Year 3\year 3 labs\Microprocessor\Jac-n-Dak\Sudoku-v1.X\Write_Cells.asm
                Send_Data   0x000270    program     extern C:\Users\Jac\Documents\PHYSICS\Year 3\year 3 labs\Microprocessor\Jac-n-Dak\Sudoku-v1.X\GLCD.asm
               Send_Instr   0x00027c    program     static C:\Users\Jac\Documents\PHYSICS\Year 3\year 3 labs\Microprocessor\Jac-n-Dak\Sudoku-v1.X\GLCD.asm
             Set_Cursor_X   0x000260    program     extern C:\Users\Jac\Documents\PHYSICS\Year 3\year 3 labs\Microprocessor\Jac-n-Dak\Sudoku-v1.X\GLCD.asm
             Set_Cursor_Y   0x000268    program     extern C:\Users\Jac\Documents\PHYSICS\Year 3\year 3 labs\Microprocessor\Jac-n-Dak\Sudoku-v1.X\GLCD.asm
               Shapes_PM1   0x0003d8    program     static C:\Users\Jac\Documents\PHYSICS\Year 3\year 3 labs\Microprocessor\Jac-n-Dak\Sudoku-v1.X\Write_Cells.asm
               Shapes_PM2   0x000414    program     static C:\Users\Jac\Documents\PHYSICS\Year 3\year 3 labs\Microprocessor\Jac-n-Dak\Sudoku-v1.X\Write_Cells.asm
               Test_Write   0x0001d2    program     extern C:\Users\Jac\Documents\PHYSICS\Year 3\year 3 labs\Microprocessor\Jac-n-Dak\Sudoku-v1.X\GLCD.asm
             Test_Write_2   0x000226    program     extern C:\Users\Jac\Documents\PHYSICS\Year 3\year 3 labs\Microprocessor\Jac-n-Dak\Sudoku-v1.X\GLCD.asm
                   UMrdlp   0x00005e    program     static C:\Users\Jac\Documents\PHYSICS\Year 3\year 3 labs\Microprocessor\Jac-n-Dak\Sudoku-v1.X\Write_Cells.asm
              Write_Block   0x0001a6    program     extern C:\Users\Jac\Documents\PHYSICS\Year 3\year 3 labs\Microprocessor\Jac-n-Dak\Sudoku-v1.X\GLCD.asm
               Write_Cell   0x0000c8    program     extern C:\Users\Jac\Documents\PHYSICS\Year 3\year 3 labs\Microprocessor\Jac-n-Dak\Sudoku-v1.X\Write_Cells.asm
        Write_Cells_Setup   0x000006    program     extern C:\Users\Jac\Documents\PHYSICS\Year 3\year 3 labs\Microprocessor\Jac-n-Dak\Sudoku-v1.X\Write_Cells.asm
         X_LMask_Table_PM   0x0003c6    program     static C:\Users\Jac\Documents\PHYSICS\Year 3\year 3 labs\Microprocessor\Jac-n-Dak\Sudoku-v1.X\Write_Cells.asm
               X_Table_PM   0x00037e    program     static C:\Users\Jac\Documents\PHYSICS\Year 3\year 3 labs\Microprocessor\Jac-n-Dak\Sudoku-v1.X\Write_Cells.asm
         X_UMask_Table_PM   0x0003b4    program     static C:\Users\Jac\Documents\PHYSICS\Year 3\year 3 labs\Microprocessor\Jac-n-Dak\Sudoku-v1.X\Write_Cells.asm
                    Xrdlp   0x00003e    program     static C:\Users\Jac\Documents\PHYSICS\Year 3\year 3 labs\Microprocessor\Jac-n-Dak\Sudoku-v1.X\Write_Cells.asm
               Y_Table_PM   0x00036e    program     static C:\Users\Jac\Documents\PHYSICS\Year 3\year 3 labs\Microprocessor\Jac-n-Dak\Sudoku-v1.X\Write_Cells.asm
                    Yrdlp   0x00001e    program     static C:\Users\Jac\Documents\PHYSICS\Year 3\year 3 labs\Microprocessor\Jac-n-Dak\Sudoku-v1.X\Write_Cells.asm
               _main_0050   0x00036a    program     static C:\Users\Jac\Documents\PHYSICS\Year 3\year 3 labs\Microprocessor\Jac-n-Dak\Sudoku-v1.X\Main.asm
                   bdelay   0x0002a0    program     static C:\Users\Jac\Documents\PHYSICS\Year 3\year 3 labs\Microprocessor\Jac-n-Dak\Sudoku-v1.X\KeyPad.asm
                     bdlp   0x0002aa    program     static C:\Users\Jac\Documents\PHYSICS\Year 3\year 3 labs\Microprocessor\Jac-n-Dak\Sudoku-v1.X\KeyPad.asm
                     bilp   0x0004de    program     static C:\Users\Jac\Documents\PHYSICS\Year 3\year 3 labs\Microprocessor\Jac-n-Dak\Sudoku-v1.X\Draw_Grid.asm
                      blp   0x0004d4    program     static C:\Users\Jac\Documents\PHYSICS\Year 3\year 3 labs\Microprocessor\Jac-n-Dak\Sudoku-v1.X\Draw_Grid.asm
                   cclrlp   0x00018e    program     static C:\Users\Jac\Documents\PHYSICS\Year 3\year 3 labs\Microprocessor\Jac-n-Dak\Sudoku-v1.X\GLCD.asm
                     cmlp   0x000142    program     static C:\Users\Jac\Documents\PHYSICS\Year 3\year 3 labs\Microprocessor\Jac-n-Dak\Sudoku-v1.X\Write_Cells.asm
                     dllp   0x00029a    program     static C:\Users\Jac\Documents\PHYSICS\Year 3\year 3 labs\Microprocessor\Jac-n-Dak\Sudoku-v1.X\GLCD.asm
                     idlp   0x00010c    program     static C:\Users\Jac\Documents\PHYSICS\Year 3\year 3 labs\Microprocessor\Jac-n-Dak\Sudoku-v1.X\Write_Cells.asm
             keypad_codes   0x000500    program     static C:\Users\Jac\Documents\PHYSICS\Year 3\year 3 labs\Microprocessor\Jac-n-Dak\Sudoku-v1.X\KeyPad.asm
                  libloop   0x0002fe    program     static C:\Users\Jac\Documents\PHYSICS\Year 3\year 3 labs\Microprocessor\Jac-n-Dak\Sudoku-v1.X\KeyPad.asm
                     loop   0x0002ce    program     static C:\Users\Jac\Documents\PHYSICS\Year 3\year 3 labs\Microprocessor\Jac-n-Dak\Sudoku-v1.X\KeyPad.asm
                     rblp   0x0001c2    program     static C:\Users\Jac\Documents\PHYSICS\Year 3\year 3 labs\Microprocessor\Jac-n-Dak\Sudoku-v1.X\GLCD.asm
                   rclrlp   0x000184    program     static C:\Users\Jac\Documents\PHYSICS\Year 3\year 3 labs\Microprocessor\Jac-n-Dak\Sudoku-v1.X\GLCD.asm
                     rplp   0x00023a    program     static C:\Users\Jac\Documents\PHYSICS\Year 3\year 3 labs\Microprocessor\Jac-n-Dak\Sudoku-v1.X\GLCD.asm
                     rtlp   0x000122    program     static C:\Users\Jac\Documents\PHYSICS\Year 3\year 3 labs\Microprocessor\Jac-n-Dak\Sudoku-v1.X\Write_Cells.asm
                    setup   0x00031a    program     static C:\Users\Jac\Documents\PHYSICS\Year 3\year 3 labs\Microprocessor\Jac-n-Dak\Sudoku-v1.X\Main.asm
                     sslp   0x00012a    program     static C:\Users\Jac\Documents\PHYSICS\Year 3\year 3 labs\Microprocessor\Jac-n-Dak\Sudoku-v1.X\Write_Cells.asm
                    start   0x00032a    program     static C:\Users\Jac\Documents\PHYSICS\Year 3\year 3 labs\Microprocessor\Jac-n-Dak\Sudoku-v1.X\Main.asm
                     twtp   0x000228    program     static C:\Users\Jac\Documents\PHYSICS\Year 3\year 3 labs\Microprocessor\Jac-n-Dak\Sudoku-v1.X\GLCD.asm
                     wblp   0x0001ac    program     static C:\Users\Jac\Documents\PHYSICS\Year 3\year 3 labs\Microprocessor\Jac-n-Dak\Sudoku-v1.X\GLCD.asm
                 PadCodes   0x000002       data     static C:\Users\Jac\Documents\PHYSICS\Year 3\year 3 labs\Microprocessor\Jac-n-Dak\Sudoku-v1.X\KeyPad.asm
          Reading_Counter   0x00002c       data     static C:\Users\Jac\Documents\PHYSICS\Year 3\year 3 labs\Microprocessor\Jac-n-Dak\Sudoku-v1.X\Write_Cells.asm
             Shapes_Table   0x000600       data     static C:\Users\Jac\Documents\PHYSICS\Year 3\year 3 labs\Microprocessor\Jac-n-Dak\Sudoku-v1.X\Write_Cells.asm
                   Temprd   0x000001       data     static C:\Users\Jac\Documents\PHYSICS\Year 3\year 3 labs\Microprocessor\Jac-n-Dak\Sudoku-v1.X\KeyPad.asm
            X_LMask_Table   0x000439       data     static C:\Users\Jac\Documents\PHYSICS\Year 3\year 3 labs\Microprocessor\Jac-n-Dak\Sudoku-v1.X\Write_Cells.asm
                  X_Table   0x000409       data     static C:\Users\Jac\Documents\PHYSICS\Year 3\year 3 labs\Microprocessor\Jac-n-Dak\Sudoku-v1.X\Write_Cells.asm
            X_UMask_Table   0x000430       data     static C:\Users\Jac\Documents\PHYSICS\Year 3\year 3 labs\Microprocessor\Jac-n-Dak\Sudoku-v1.X\Write_Cells.asm
                  Y_Table   0x000400       data     static C:\Users\Jac\Documents\PHYSICS\Year 3\year 3 labs\Microprocessor\Jac-n-Dak\Sudoku-v1.X\Write_Cells.asm
              block_count   0x00003f       data     static C:\Users\Jac\Documents\PHYSICS\Year 3\year 3 labs\Microprocessor\Jac-n-Dak\Sudoku-v1.X\Draw_Grid.asm
              block_count   0x000027       data     static C:\Users\Jac\Documents\PHYSICS\Year 3\year 3 labs\Microprocessor\Jac-n-Dak\Sudoku-v1.X\GLCD.asm
                  counter   0x000000       data     static C:\Users\Jac\Documents\PHYSICS\Year 3\year 3 labs\Microprocessor\Jac-n-Dak\Sudoku-v1.X\KeyPad.asm
                  counter   0x00003b       data     static C:\Users\Jac\Documents\PHYSICS\Year 3\year 3 labs\Microprocessor\Jac-n-Dak\Sudoku-v1.X\Write_Cells.asm
              current_row   0x00003c       data     static C:\Users\Jac\Documents\PHYSICS\Year 3\year 3 labs\Microprocessor\Jac-n-Dak\Sudoku-v1.X\Draw_Grid.asm
              delay_count   0x000024       data     static C:\Users\Jac\Documents\PHYSICS\Year 3\year 3 labs\Microprocessor\Jac-n-Dak\Sudoku-v1.X\GLCD.asm
         horz_lin_pattern   0x00003e       data     static C:\Users\Jac\Documents\PHYSICS\Year 3\year 3 labs\Microprocessor\Jac-n-Dak\Sudoku-v1.X\Draw_Grid.asm
     internal_block_count   0x000040       data     static C:\Users\Jac\Documents\PHYSICS\Year 3\year 3 labs\Microprocessor\Jac-n-Dak\Sudoku-v1.X\Draw_Grid.asm
              invert_flag   0x00002b       data     extern C:\Users\Jac\Documents\PHYSICS\Year 3\year 3 labs\Microprocessor\Jac-n-Dak\Sudoku-v1.X\Write_Cells.asm
                     mask   0x00002f       data     static C:\Users\Jac\Documents\PHYSICS\Year 3\year 3 labs\Microprocessor\Jac-n-Dak\Sudoku-v1.X\Write_Cells.asm
              number_name   0x000028       data     extern C:\Users\Jac\Documents\PHYSICS\Year 3\year 3 labs\Microprocessor\Jac-n-Dak\Sudoku-v1.X\Write_Cells.asm
                read_data   0x000031       data     static C:\Users\Jac\Documents\PHYSICS\Year 3\year 3 labs\Microprocessor\Jac-n-Dak\Sudoku-v1.X\Write_Cells.asm
           rotate_counter   0x000030       data     static C:\Users\Jac\Documents\PHYSICS\Year 3\year 3 labs\Microprocessor\Jac-n-Dak\Sudoku-v1.X\Write_Cells.asm
            shifted_shape   0x000036       data     static C:\Users\Jac\Documents\PHYSICS\Year 3\year 3 labs\Microprocessor\Jac-n-Dak\Sudoku-v1.X\Write_Cells.asm
                 sudoku_x   0x000029       data     extern C:\Users\Jac\Documents\PHYSICS\Year 3\year 3 labs\Microprocessor\Jac-n-Dak\Sudoku-v1.X\Write_Cells.asm
                 sudoku_y   0x00002a       data     extern C:\Users\Jac\Documents\PHYSICS\Year 3\year 3 labs\Microprocessor\Jac-n-Dak\Sudoku-v1.X\Write_Cells.asm
           test_col_count   0x000025       data     static C:\Users\Jac\Documents\PHYSICS\Year 3\year 3 labs\Microprocessor\Jac-n-Dak\Sudoku-v1.X\GLCD.asm
           test_row_count   0x000026       data     static C:\Users\Jac\Documents\PHYSICS\Year 3\year 3 labs\Microprocessor\Jac-n-Dak\Sudoku-v1.X\GLCD.asm
                    tlp_x   0x00002d       data     static C:\Users\Jac\Documents\PHYSICS\Year 3\year 3 labs\Microprocessor\Jac-n-Dak\Sudoku-v1.X\Write_Cells.asm
                    tlp_y   0x00002e       data     static C:\Users\Jac\Documents\PHYSICS\Year 3\year 3 labs\Microprocessor\Jac-n-Dak\Sudoku-v1.X\Write_Cells.asm
         vert_lin_pattern   0x00003d       data     static C:\Users\Jac\Documents\PHYSICS\Year 3\year 3 labs\Microprocessor\Jac-n-Dak\Sudoku-v1.X\Draw_Grid.asm



                              Symbols - Sorted by Address
                     Name    Address   Location    Storage File                     
                ---------  ---------  ---------  --------- ---------                
        Write_Cells_Setup   0x000006    program     extern C:\Users\Jac\Documents\PHYSICS\Year 3\year 3 labs\Microprocessor\Jac-n-Dak\Sudoku-v1.X\Write_Cells.asm
                    Yrdlp   0x00001e    program     static C:\Users\Jac\Documents\PHYSICS\Year 3\year 3 labs\Microprocessor\Jac-n-Dak\Sudoku-v1.X\Write_Cells.asm
                    Xrdlp   0x00003e    program     static C:\Users\Jac\Documents\PHYSICS\Year 3\year 3 labs\Microprocessor\Jac-n-Dak\Sudoku-v1.X\Write_Cells.asm
                   UMrdlp   0x00005e    program     static C:\Users\Jac\Documents\PHYSICS\Year 3\year 3 labs\Microprocessor\Jac-n-Dak\Sudoku-v1.X\Write_Cells.asm
                   LMrdlp   0x00007e    program     static C:\Users\Jac\Documents\PHYSICS\Year 3\year 3 labs\Microprocessor\Jac-n-Dak\Sudoku-v1.X\Write_Cells.asm
                   S1rdlp   0x00009e    program     static C:\Users\Jac\Documents\PHYSICS\Year 3\year 3 labs\Microprocessor\Jac-n-Dak\Sudoku-v1.X\Write_Cells.asm
                   S2rdlp   0x0000ba    program     static C:\Users\Jac\Documents\PHYSICS\Year 3\year 3 labs\Microprocessor\Jac-n-Dak\Sudoku-v1.X\Write_Cells.asm
               Write_Cell   0x0000c8    program     extern C:\Users\Jac\Documents\PHYSICS\Year 3\year 3 labs\Microprocessor\Jac-n-Dak\Sudoku-v1.X\Write_Cells.asm
                     idlp   0x00010c    program     static C:\Users\Jac\Documents\PHYSICS\Year 3\year 3 labs\Microprocessor\Jac-n-Dak\Sudoku-v1.X\Write_Cells.asm
                     rtlp   0x000122    program     static C:\Users\Jac\Documents\PHYSICS\Year 3\year 3 labs\Microprocessor\Jac-n-Dak\Sudoku-v1.X\Write_Cells.asm
                     sslp   0x00012a    program     static C:\Users\Jac\Documents\PHYSICS\Year 3\year 3 labs\Microprocessor\Jac-n-Dak\Sudoku-v1.X\Write_Cells.asm
                     cmlp   0x000142    program     static C:\Users\Jac\Documents\PHYSICS\Year 3\year 3 labs\Microprocessor\Jac-n-Dak\Sudoku-v1.X\Write_Cells.asm
               GLCD_Setup   0x000160    program     extern C:\Users\Jac\Documents\PHYSICS\Year 3\year 3 labs\Microprocessor\Jac-n-Dak\Sudoku-v1.X\GLCD.asm
              Clear_Board   0x000182    program     extern C:\Users\Jac\Documents\PHYSICS\Year 3\year 3 labs\Microprocessor\Jac-n-Dak\Sudoku-v1.X\GLCD.asm
                   rclrlp   0x000184    program     static C:\Users\Jac\Documents\PHYSICS\Year 3\year 3 labs\Microprocessor\Jac-n-Dak\Sudoku-v1.X\GLCD.asm
                   cclrlp   0x00018e    program     static C:\Users\Jac\Documents\PHYSICS\Year 3\year 3 labs\Microprocessor\Jac-n-Dak\Sudoku-v1.X\GLCD.asm
              Write_Block   0x0001a6    program     extern C:\Users\Jac\Documents\PHYSICS\Year 3\year 3 labs\Microprocessor\Jac-n-Dak\Sudoku-v1.X\GLCD.asm
                     wblp   0x0001ac    program     static C:\Users\Jac\Documents\PHYSICS\Year 3\year 3 labs\Microprocessor\Jac-n-Dak\Sudoku-v1.X\GLCD.asm
               Read_Block   0x0001ba    program     extern C:\Users\Jac\Documents\PHYSICS\Year 3\year 3 labs\Microprocessor\Jac-n-Dak\Sudoku-v1.X\GLCD.asm
                     rblp   0x0001c2    program     static C:\Users\Jac\Documents\PHYSICS\Year 3\year 3 labs\Microprocessor\Jac-n-Dak\Sudoku-v1.X\GLCD.asm
               Test_Write   0x0001d2    program     extern C:\Users\Jac\Documents\PHYSICS\Year 3\year 3 labs\Microprocessor\Jac-n-Dak\Sudoku-v1.X\GLCD.asm
             Test_Write_2   0x000226    program     extern C:\Users\Jac\Documents\PHYSICS\Year 3\year 3 labs\Microprocessor\Jac-n-Dak\Sudoku-v1.X\GLCD.asm
                     twtp   0x000228    program     static C:\Users\Jac\Documents\PHYSICS\Year 3\year 3 labs\Microprocessor\Jac-n-Dak\Sudoku-v1.X\GLCD.asm
                     rplp   0x00023a    program     static C:\Users\Jac\Documents\PHYSICS\Year 3\year 3 labs\Microprocessor\Jac-n-Dak\Sudoku-v1.X\GLCD.asm
             Reset_Cursor   0x000252    program     static C:\Users\Jac\Documents\PHYSICS\Year 3\year 3 labs\Microprocessor\Jac-n-Dak\Sudoku-v1.X\GLCD.asm
             Set_Cursor_X   0x000260    program     extern C:\Users\Jac\Documents\PHYSICS\Year 3\year 3 labs\Microprocessor\Jac-n-Dak\Sudoku-v1.X\GLCD.asm
             Set_Cursor_Y   0x000268    program     extern C:\Users\Jac\Documents\PHYSICS\Year 3\year 3 labs\Microprocessor\Jac-n-Dak\Sudoku-v1.X\GLCD.asm
                Send_Data   0x000270    program     extern C:\Users\Jac\Documents\PHYSICS\Year 3\year 3 labs\Microprocessor\Jac-n-Dak\Sudoku-v1.X\GLCD.asm
               Send_Instr   0x00027c    program     static C:\Users\Jac\Documents\PHYSICS\Year 3\year 3 labs\Microprocessor\Jac-n-Dak\Sudoku-v1.X\GLCD.asm
                  E_Pulse   0x000288    program     static C:\Users\Jac\Documents\PHYSICS\Year 3\year 3 labs\Microprocessor\Jac-n-Dak\Sudoku-v1.X\GLCD.asm
                    Delay   0x000296    program     static C:\Users\Jac\Documents\PHYSICS\Year 3\year 3 labs\Microprocessor\Jac-n-Dak\Sudoku-v1.X\GLCD.asm
                     dllp   0x00029a    program     static C:\Users\Jac\Documents\PHYSICS\Year 3\year 3 labs\Microprocessor\Jac-n-Dak\Sudoku-v1.X\GLCD.asm
                   bdelay   0x0002a0    program     static C:\Users\Jac\Documents\PHYSICS\Year 3\year 3 labs\Microprocessor\Jac-n-Dak\Sudoku-v1.X\KeyPad.asm
                     bdlp   0x0002aa    program     static C:\Users\Jac\Documents\PHYSICS\Year 3\year 3 labs\Microprocessor\Jac-n-Dak\Sudoku-v1.X\KeyPad.asm
                 PadSetup   0x0002b2    program     extern C:\Users\Jac\Documents\PHYSICS\Year 3\year 3 labs\Microprocessor\Jac-n-Dak\Sudoku-v1.X\KeyPad.asm
                     loop   0x0002ce    program     static C:\Users\Jac\Documents\PHYSICS\Year 3\year 3 labs\Microprocessor\Jac-n-Dak\Sudoku-v1.X\KeyPad.asm
                  ReadPad   0x0002da    program     extern C:\Users\Jac\Documents\PHYSICS\Year 3\year 3 labs\Microprocessor\Jac-n-Dak\Sudoku-v1.X\KeyPad.asm
                  libloop   0x0002fe    program     static C:\Users\Jac\Documents\PHYSICS\Year 3\year 3 labs\Microprocessor\Jac-n-Dak\Sudoku-v1.X\KeyPad.asm
                     Lib1   0x000308    program     static C:\Users\Jac\Documents\PHYSICS\Year 3\year 3 labs\Microprocessor\Jac-n-Dak\Sudoku-v1.X\KeyPad.asm
                     Lib2   0x000314    program     static C:\Users\Jac\Documents\PHYSICS\Year 3\year 3 labs\Microprocessor\Jac-n-Dak\Sudoku-v1.X\KeyPad.asm
                    setup   0x00031a    program     static C:\Users\Jac\Documents\PHYSICS\Year 3\year 3 labs\Microprocessor\Jac-n-Dak\Sudoku-v1.X\Main.asm
                    start   0x00032a    program     static C:\Users\Jac\Documents\PHYSICS\Year 3\year 3 labs\Microprocessor\Jac-n-Dak\Sudoku-v1.X\Main.asm
               _main_0050   0x00036a    program     static C:\Users\Jac\Documents\PHYSICS\Year 3\year 3 labs\Microprocessor\Jac-n-Dak\Sudoku-v1.X\Main.asm
               Y_Table_PM   0x00036e    program     static C:\Users\Jac\Documents\PHYSICS\Year 3\year 3 labs\Microprocessor\Jac-n-Dak\Sudoku-v1.X\Write_Cells.asm
               X_Table_PM   0x00037e    program     static C:\Users\Jac\Documents\PHYSICS\Year 3\year 3 labs\Microprocessor\Jac-n-Dak\Sudoku-v1.X\Write_Cells.asm
         X_UMask_Table_PM   0x0003b4    program     static C:\Users\Jac\Documents\PHYSICS\Year 3\year 3 labs\Microprocessor\Jac-n-Dak\Sudoku-v1.X\Write_Cells.asm
         X_LMask_Table_PM   0x0003c6    program     static C:\Users\Jac\Documents\PHYSICS\Year 3\year 3 labs\Microprocessor\Jac-n-Dak\Sudoku-v1.X\Write_Cells.asm
               Shapes_PM1   0x0003d8    program     static C:\Users\Jac\Documents\PHYSICS\Year 3\year 3 labs\Microprocessor\Jac-n-Dak\Sudoku-v1.X\Write_Cells.asm
               Shapes_PM2   0x000414    program     static C:\Users\Jac\Documents\PHYSICS\Year 3\year 3 labs\Microprocessor\Jac-n-Dak\Sudoku-v1.X\Write_Cells.asm
                Draw_Grid   0x00043c    program     extern C:\Users\Jac\Documents\PHYSICS\Year 3\year 3 labs\Microprocessor\Jac-n-Dak\Sudoku-v1.X\Draw_Grid.asm
            Draw_Grid_Row   0x0004be    program     static C:\Users\Jac\Documents\PHYSICS\Year 3\year 3 labs\Microprocessor\Jac-n-Dak\Sudoku-v1.X\Draw_Grid.asm
                      blp   0x0004d4    program     static C:\Users\Jac\Documents\PHYSICS\Year 3\year 3 labs\Microprocessor\Jac-n-Dak\Sudoku-v1.X\Draw_Grid.asm
                     bilp   0x0004de    program     static C:\Users\Jac\Documents\PHYSICS\Year 3\year 3 labs\Microprocessor\Jac-n-Dak\Sudoku-v1.X\Draw_Grid.asm
             keypad_codes   0x000500    program     static C:\Users\Jac\Documents\PHYSICS\Year 3\year 3 labs\Microprocessor\Jac-n-Dak\Sudoku-v1.X\KeyPad.asm
                  counter   0x000000       data     static C:\Users\Jac\Documents\PHYSICS\Year 3\year 3 labs\Microprocessor\Jac-n-Dak\Sudoku-v1.X\KeyPad.asm
                   Temprd   0x000001       data     static C:\Users\Jac\Documents\PHYSICS\Year 3\year 3 labs\Microprocessor\Jac-n-Dak\Sudoku-v1.X\KeyPad.asm
                 PadCodes   0x000002       data     static C:\Users\Jac\Documents\PHYSICS\Year 3\year 3 labs\Microprocessor\Jac-n-Dak\Sudoku-v1.X\KeyPad.asm
              delay_count   0x000024       data     static C:\Users\Jac\Documents\PHYSICS\Year 3\year 3 labs\Microprocessor\Jac-n-Dak\Sudoku-v1.X\GLCD.asm
           test_col_count   0x000025       data     static C:\Users\Jac\Documents\PHYSICS\Year 3\year 3 labs\Microprocessor\Jac-n-Dak\Sudoku-v1.X\GLCD.asm
           test_row_count   0x000026       data     static C:\Users\Jac\Documents\PHYSICS\Year 3\year 3 labs\Microprocessor\Jac-n-Dak\Sudoku-v1.X\GLCD.asm
              block_count   0x000027       data     static C:\Users\Jac\Documents\PHYSICS\Year 3\year 3 labs\Microprocessor\Jac-n-Dak\Sudoku-v1.X\GLCD.asm
              number_name   0x000028       data     extern C:\Users\Jac\Documents\PHYSICS\Year 3\year 3 labs\Microprocessor\Jac-n-Dak\Sudoku-v1.X\Write_Cells.asm
                 sudoku_x   0x000029       data     extern C:\Users\Jac\Documents\PHYSICS\Year 3\year 3 labs\Microprocessor\Jac-n-Dak\Sudoku-v1.X\Write_Cells.asm
                 sudoku_y   0x00002a       data     extern C:\Users\Jac\Documents\PHYSICS\Year 3\year 3 labs\Microprocessor\Jac-n-Dak\Sudoku-v1.X\Write_Cells.asm
              invert_flag   0x00002b       data     extern C:\Users\Jac\Documents\PHYSICS\Year 3\year 3 labs\Microprocessor\Jac-n-Dak\Sudoku-v1.X\Write_Cells.asm
          Reading_Counter   0x00002c       data     static C:\Users\Jac\Documents\PHYSICS\Year 3\year 3 labs\Microprocessor\Jac-n-Dak\Sudoku-v1.X\Write_Cells.asm
                    tlp_x   0x00002d       data     static C:\Users\Jac\Documents\PHYSICS\Year 3\year 3 labs\Microprocessor\Jac-n-Dak\Sudoku-v1.X\Write_Cells.asm
                    tlp_y   0x00002e       data     static C:\Users\Jac\Documents\PHYSICS\Year 3\year 3 labs\Microprocessor\Jac-n-Dak\Sudoku-v1.X\Write_Cells.asm
                     mask   0x00002f       data     static C:\Users\Jac\Documents\PHYSICS\Year 3\year 3 labs\Microprocessor\Jac-n-Dak\Sudoku-v1.X\Write_Cells.asm
           rotate_counter   0x000030       data     static C:\Users\Jac\Documents\PHYSICS\Year 3\year 3 labs\Microprocessor\Jac-n-Dak\Sudoku-v1.X\Write_Cells.asm
                read_data   0x000031       data     static C:\Users\Jac\Documents\PHYSICS\Year 3\year 3 labs\Microprocessor\Jac-n-Dak\Sudoku-v1.X\Write_Cells.asm
            shifted_shape   0x000036       data     static C:\Users\Jac\Documents\PHYSICS\Year 3\year 3 labs\Microprocessor\Jac-n-Dak\Sudoku-v1.X\Write_Cells.asm
                  counter   0x00003b       data     static C:\Users\Jac\Documents\PHYSICS\Year 3\year 3 labs\Microprocessor\Jac-n-Dak\Sudoku-v1.X\Write_Cells.asm
              current_row   0x00003c       data     static C:\Users\Jac\Documents\PHYSICS\Year 3\year 3 labs\Microprocessor\Jac-n-Dak\Sudoku-v1.X\Draw_Grid.asm
         vert_lin_pattern   0x00003d       data     static C:\Users\Jac\Documents\PHYSICS\Year 3\year 3 labs\Microprocessor\Jac-n-Dak\Sudoku-v1.X\Draw_Grid.asm
         horz_lin_pattern   0x00003e       data     static C:\Users\Jac\Documents\PHYSICS\Year 3\year 3 labs\Microprocessor\Jac-n-Dak\Sudoku-v1.X\Draw_Grid.asm
              block_count   0x00003f       data     static C:\Users\Jac\Documents\PHYSICS\Year 3\year 3 labs\Microprocessor\Jac-n-Dak\Sudoku-v1.X\Draw_Grid.asm
     internal_block_count   0x000040       data     static C:\Users\Jac\Documents\PHYSICS\Year 3\year 3 labs\Microprocessor\Jac-n-Dak\Sudoku-v1.X\Draw_Grid.asm
                  Y_Table   0x000400       data     static C:\Users\Jac\Documents\PHYSICS\Year 3\year 3 labs\Microprocessor\Jac-n-Dak\Sudoku-v1.X\Write_Cells.asm
                  X_Table   0x000409       data     static C:\Users\Jac\Documents\PHYSICS\Year 3\year 3 labs\Microprocessor\Jac-n-Dak\Sudoku-v1.X\Write_Cells.asm
            X_UMask_Table   0x000430       data     static C:\Users\Jac\Documents\PHYSICS\Year 3\year 3 labs\Microprocessor\Jac-n-Dak\Sudoku-v1.X\Write_Cells.asm
            X_LMask_Table   0x000439       data     static C:\Users\Jac\Documents\PHYSICS\Year 3\year 3 labs\Microprocessor\Jac-n-Dak\Sudoku-v1.X\Write_Cells.asm
             Shapes_Table   0x000600       data     static C:\Users\Jac\Documents\PHYSICS\Year 3\year 3 labs\Microprocessor\Jac-n-Dak\Sudoku-v1.X\Write_Cells.asm


