MPLINK 5.09, LINKER
Linker Map File - Created Fri Jan 31 10:06:44 2020

                                 Section Info
                  Section       Type    Address   Location Size(Bytes)
                ---------  ---------  ---------  ---------  ---------
                      rst       code   0x000000    program   0x000004
                   .cinit    romdata   0x000004    program   0x000002
                      LCD       code   0x000006    program   0x00010e
                     main       code   0x000114    program   0x0000e8
                     UART       code   0x0001fc    program   0x000028
              PMCodeTable       code   0x000224    program   0x000022
                    pdata       code   0x000246    program   0x000012
.config_300000_BUILD/DEFAULT/PRODUCTION/CONFIG.    romdata   0x300000    program   0x000001
.config_300001_BUILD/DEFAULT/PRODUCTION/CONFIG.    romdata   0x300001    program   0x000001
.config_300002_BUILD/DEFAULT/PRODUCTION/CONFIG.    romdata   0x300002    program   0x000001
.config_300003_BUILD/DEFAULT/PRODUCTION/CONFIG.    romdata   0x300003    program   0x000001
.config_300004_BUILD/DEFAULT/PRODUCTION/CONFIG.    romdata   0x300004    program   0x000001
.config_300005_BUILD/DEFAULT/PRODUCTION/CONFIG.    romdata   0x300005    program   0x000001
.config_300006_BUILD/DEFAULT/PRODUCTION/CONFIG.    romdata   0x300006    program   0x000001
.config_300008_BUILD/DEFAULT/PRODUCTION/CONFIG.    romdata   0x300008    program   0x000001
.config_300009_BUILD/DEFAULT/PRODUCTION/CONFIG.    romdata   0x300009    program   0x000001
.config_30000A_BUILD/DEFAULT/PRODUCTION/CONFIG.    romdata   0x30000a    program   0x000001
.config_30000B_BUILD/DEFAULT/PRODUCTION/CONFIG.    romdata   0x30000b    program   0x000001
.config_30000C_BUILD/DEFAULT/PRODUCTION/CONFIG.    romdata   0x30000c    program   0x000001
.config_30000D_BUILD/DEFAULT/PRODUCTION/CONFIG.    romdata   0x30000d    program   0x000001
                   PadLoc      udata   0x000000       data   0x000024
                     acs0      udata   0x000024       data   0x000009
                   tables      udata   0x000400       data   0x000080



                              Program Memory Usage 
                               Start         End      
                           ---------   ---------      
                            0x000000    0x000257      
                            0x300000    0x300006      
                            0x300008    0x30000d      
            613 out of 132120 program addresses used, program memory utilization is 0%



                              Symbols - Sorted by Name
                     Name    Address   Location    Storage File                     
                ---------  ---------  ---------  --------- ---------                
               LCD_Enable   0x0000a8    program     static H:\Laboratory\Year 3\Microprocessor Jac-Clone\Jac-n-Dak Clone\Jac-n-Dak\LCD-Hello_World.X\LCD.asm
         LCD_Loop_message   0x00005e    program     static H:\Laboratory\Year 3\Microprocessor Jac-Clone\Jac-n-Dak Clone\Jac-n-Dak\LCD-Hello_World.X\LCD.asm
          LCD_Send_Byte_D   0x000086    program     extern H:\Laboratory\Year 3\Microprocessor Jac-Clone\Jac-n-Dak Clone\Jac-n-Dak\LCD-Hello_World.X\LCD.asm
          LCD_Send_Byte_I   0x00006a    program     extern H:\Laboratory\Year 3\Microprocessor Jac-Clone\Jac-n-Dak Clone\Jac-n-Dak\LCD-Hello_World.X\LCD.asm
                LCD_Setup   0x000006    program     extern H:\Laboratory\Year 3\Microprocessor Jac-Clone\Jac-n-Dak Clone\Jac-n-Dak\LCD-Hello_World.X\LCD.asm
        LCD_Write_Message   0x00005c    program     extern H:\Laboratory\Year 3\Microprocessor Jac-Clone\Jac-n-Dak Clone\Jac-n-Dak\LCD-Hello_World.X\LCD.asm
                LCD_delay   0x0000ee    program     static H:\Laboratory\Year 3\Microprocessor Jac-Clone\Jac-n-Dak Clone\Jac-n-Dak\LCD-Hello_World.X\LCD.asm
             LCD_delay_ms   0x0000cc    program     static H:\Laboratory\Year 3\Microprocessor Jac-Clone\Jac-n-Dak Clone\Jac-n-Dak\LCD-Hello_World.X\LCD.asm
           LCD_delay_x4us   0x0000da    program     static H:\Laboratory\Year 3\Microprocessor Jac-Clone\Jac-n-Dak Clone\Jac-n-Dak\LCD-Hello_World.X\LCD.asm
                     Lib1   0x0001ea    program     static H:\Laboratory\Year 3\Microprocessor Jac-Clone\Jac-n-Dak Clone\Jac-n-Dak\LCD-Hello_World.X\KeyPad.asm
                     Lib2   0x0001f6    program     static H:\Laboratory\Year 3\Microprocessor Jac-Clone\Jac-n-Dak Clone\Jac-n-Dak\LCD-Hello_World.X\KeyPad.asm
                    Line1   0x0000f8    program     extern H:\Laboratory\Year 3\Microprocessor Jac-Clone\Jac-n-Dak Clone\Jac-n-Dak\LCD-Hello_World.X\LCD.asm
                    Line2   0x000106    program     extern H:\Laboratory\Year 3\Microprocessor Jac-Clone\Jac-n-Dak Clone\Jac-n-Dak\LCD-Hello_World.X\LCD.asm
                 PadSetup   0x000194    program     extern H:\Laboratory\Year 3\Microprocessor Jac-Clone\Jac-n-Dak Clone\Jac-n-Dak\LCD-Hello_World.X\KeyPad.asm
                  ReadPad   0x0001bc    program     extern H:\Laboratory\Year 3\Microprocessor Jac-Clone\Jac-n-Dak Clone\Jac-n-Dak\LCD-Hello_World.X\KeyPad.asm
        UART_Loop_message   0x000210    program     static H:\Laboratory\Year 3\Microprocessor Jac-Clone\Jac-n-Dak Clone\Jac-n-Dak\LCD-Hello_World.X\UART.asm
               UART_Setup   0x0001fc    program     extern H:\Laboratory\Year 3\Microprocessor Jac-Clone\Jac-n-Dak Clone\Jac-n-Dak\LCD-Hello_World.X\UART.asm
       UART_Transmit_Byte   0x00021c    program     static H:\Laboratory\Year 3\Microprocessor Jac-Clone\Jac-n-Dak Clone\Jac-n-Dak\LCD-Hello_World.X\UART.asm
    UART_Transmit_Message   0x00020e    program     extern H:\Laboratory\Year 3\Microprocessor Jac-Clone\Jac-n-Dak Clone\Jac-n-Dak\LCD-Hello_World.X\UART.asm
               _main_0064   0x000178    program     static H:\Laboratory\Year 3\Microprocessor Jac-Clone\Jac-n-Dak Clone\Jac-n-Dak\LCD-Hello_World.X\Simple1.asm
                   bdelay   0x000182    program     static H:\Laboratory\Year 3\Microprocessor Jac-Clone\Jac-n-Dak Clone\Jac-n-Dak\LCD-Hello_World.X\KeyPad.asm
                     bdlp   0x00018c    program     static H:\Laboratory\Year 3\Microprocessor Jac-Clone\Jac-n-Dak Clone\Jac-n-Dak\LCD-Hello_World.X\KeyPad.asm
                    delay   0x00017c    program     static H:\Laboratory\Year 3\Microprocessor Jac-Clone\Jac-n-Dak Clone\Jac-n-Dak\LCD-Hello_World.X\Simple1.asm
             keypad_codes   0x000224    program     static H:\Laboratory\Year 3\Microprocessor Jac-Clone\Jac-n-Dak Clone\Jac-n-Dak\LCD-Hello_World.X\KeyPad.asm
                   lcdlp1   0x0000f0    program     static H:\Laboratory\Year 3\Microprocessor Jac-Clone\Jac-n-Dak Clone\Jac-n-Dak\LCD-Hello_World.X\LCD.asm
                   lcdlp2   0x0000ce    program     static H:\Laboratory\Year 3\Microprocessor Jac-Clone\Jac-n-Dak Clone\Jac-n-Dak\LCD-Hello_World.X\LCD.asm
                  libloop   0x0001e0    program     static H:\Laboratory\Year 3\Microprocessor Jac-Clone\Jac-n-Dak Clone\Jac-n-Dak\LCD-Hello_World.X\KeyPad.asm
                     loop   0x000148    program     static H:\Laboratory\Year 3\Microprocessor Jac-Clone\Jac-n-Dak Clone\Jac-n-Dak\LCD-Hello_World.X\Simple1.asm
                     loop   0x0001b0    program     static H:\Laboratory\Year 3\Microprocessor Jac-Clone\Jac-n-Dak Clone\Jac-n-Dak\LCD-Hello_World.X\KeyPad.asm
                  myTable   0x000246    program     static H:\Laboratory\Year 3\Microprocessor Jac-Clone\Jac-n-Dak Clone\Jac-n-Dak\LCD-Hello_World.X\Simple1.asm
                     rdlp   0x000160    program     static H:\Laboratory\Year 3\Microprocessor Jac-Clone\Jac-n-Dak Clone\Jac-n-Dak\LCD-Hello_World.X\Simple1.asm
                    setup   0x000114    program     static H:\Laboratory\Year 3\Microprocessor Jac-Clone\Jac-n-Dak Clone\Jac-n-Dak\LCD-Hello_World.X\Simple1.asm
                    start   0x000124    program     static H:\Laboratory\Year 3\Microprocessor Jac-Clone\Jac-n-Dak Clone\Jac-n-Dak\LCD-Hello_World.X\Simple1.asm
                LCD_cnt_h   0x000029       data     static H:\Laboratory\Year 3\Microprocessor Jac-Clone\Jac-n-Dak Clone\Jac-n-Dak\LCD-Hello_World.X\LCD.asm
                LCD_cnt_l   0x000028       data     static H:\Laboratory\Year 3\Microprocessor Jac-Clone\Jac-n-Dak Clone\Jac-n-Dak\LCD-Hello_World.X\LCD.asm
               LCD_cnt_ms   0x00002a       data     static H:\Laboratory\Year 3\Microprocessor Jac-Clone\Jac-n-Dak Clone\Jac-n-Dak\LCD-Hello_World.X\LCD.asm
              LCD_counter   0x00002c       data     static H:\Laboratory\Year 3\Microprocessor Jac-Clone\Jac-n-Dak Clone\Jac-n-Dak\LCD-Hello_World.X\LCD.asm
                  LCD_tmp   0x00002b       data     static H:\Laboratory\Year 3\Microprocessor Jac-Clone\Jac-n-Dak Clone\Jac-n-Dak\LCD-Hello_World.X\LCD.asm
                 PadCodes   0x000002       data     static H:\Laboratory\Year 3\Microprocessor Jac-Clone\Jac-n-Dak Clone\Jac-n-Dak\LCD-Hello_World.X\KeyPad.asm
                   Temprd   0x000001       data     static H:\Laboratory\Year 3\Microprocessor Jac-Clone\Jac-n-Dak Clone\Jac-n-Dak\LCD-Hello_World.X\KeyPad.asm
             UART_counter   0x000027       data     static H:\Laboratory\Year 3\Microprocessor Jac-Clone\Jac-n-Dak Clone\Jac-n-Dak\LCD-Hello_World.X\UART.asm
                  counter   0x000024       data     static H:\Laboratory\Year 3\Microprocessor Jac-Clone\Jac-n-Dak Clone\Jac-n-Dak\LCD-Hello_World.X\Simple1.asm
                  counter   0x000000       data     static H:\Laboratory\Year 3\Microprocessor Jac-Clone\Jac-n-Dak Clone\Jac-n-Dak\LCD-Hello_World.X\KeyPad.asm
              delay_count   0x000025       data     static H:\Laboratory\Year 3\Microprocessor Jac-Clone\Jac-n-Dak Clone\Jac-n-Dak\LCD-Hello_World.X\Simple1.asm
                  key_val   0x000026       data     static H:\Laboratory\Year 3\Microprocessor Jac-Clone\Jac-n-Dak Clone\Jac-n-Dak\LCD-Hello_World.X\Simple1.asm
                  myArray   0x000400       data     static H:\Laboratory\Year 3\Microprocessor Jac-Clone\Jac-n-Dak Clone\Jac-n-Dak\LCD-Hello_World.X\Simple1.asm



                              Symbols - Sorted by Address
                     Name    Address   Location    Storage File                     
                ---------  ---------  ---------  --------- ---------                
                LCD_Setup   0x000006    program     extern H:\Laboratory\Year 3\Microprocessor Jac-Clone\Jac-n-Dak Clone\Jac-n-Dak\LCD-Hello_World.X\LCD.asm
        LCD_Write_Message   0x00005c    program     extern H:\Laboratory\Year 3\Microprocessor Jac-Clone\Jac-n-Dak Clone\Jac-n-Dak\LCD-Hello_World.X\LCD.asm
         LCD_Loop_message   0x00005e    program     static H:\Laboratory\Year 3\Microprocessor Jac-Clone\Jac-n-Dak Clone\Jac-n-Dak\LCD-Hello_World.X\LCD.asm
          LCD_Send_Byte_I   0x00006a    program     extern H:\Laboratory\Year 3\Microprocessor Jac-Clone\Jac-n-Dak Clone\Jac-n-Dak\LCD-Hello_World.X\LCD.asm
          LCD_Send_Byte_D   0x000086    program     extern H:\Laboratory\Year 3\Microprocessor Jac-Clone\Jac-n-Dak Clone\Jac-n-Dak\LCD-Hello_World.X\LCD.asm
               LCD_Enable   0x0000a8    program     static H:\Laboratory\Year 3\Microprocessor Jac-Clone\Jac-n-Dak Clone\Jac-n-Dak\LCD-Hello_World.X\LCD.asm
             LCD_delay_ms   0x0000cc    program     static H:\Laboratory\Year 3\Microprocessor Jac-Clone\Jac-n-Dak Clone\Jac-n-Dak\LCD-Hello_World.X\LCD.asm
                   lcdlp2   0x0000ce    program     static H:\Laboratory\Year 3\Microprocessor Jac-Clone\Jac-n-Dak Clone\Jac-n-Dak\LCD-Hello_World.X\LCD.asm
           LCD_delay_x4us   0x0000da    program     static H:\Laboratory\Year 3\Microprocessor Jac-Clone\Jac-n-Dak Clone\Jac-n-Dak\LCD-Hello_World.X\LCD.asm
                LCD_delay   0x0000ee    program     static H:\Laboratory\Year 3\Microprocessor Jac-Clone\Jac-n-Dak Clone\Jac-n-Dak\LCD-Hello_World.X\LCD.asm
                   lcdlp1   0x0000f0    program     static H:\Laboratory\Year 3\Microprocessor Jac-Clone\Jac-n-Dak Clone\Jac-n-Dak\LCD-Hello_World.X\LCD.asm
                    Line1   0x0000f8    program     extern H:\Laboratory\Year 3\Microprocessor Jac-Clone\Jac-n-Dak Clone\Jac-n-Dak\LCD-Hello_World.X\LCD.asm
                    Line2   0x000106    program     extern H:\Laboratory\Year 3\Microprocessor Jac-Clone\Jac-n-Dak Clone\Jac-n-Dak\LCD-Hello_World.X\LCD.asm
                    setup   0x000114    program     static H:\Laboratory\Year 3\Microprocessor Jac-Clone\Jac-n-Dak Clone\Jac-n-Dak\LCD-Hello_World.X\Simple1.asm
                    start   0x000124    program     static H:\Laboratory\Year 3\Microprocessor Jac-Clone\Jac-n-Dak Clone\Jac-n-Dak\LCD-Hello_World.X\Simple1.asm
                     loop   0x000148    program     static H:\Laboratory\Year 3\Microprocessor Jac-Clone\Jac-n-Dak Clone\Jac-n-Dak\LCD-Hello_World.X\Simple1.asm
                     rdlp   0x000160    program     static H:\Laboratory\Year 3\Microprocessor Jac-Clone\Jac-n-Dak Clone\Jac-n-Dak\LCD-Hello_World.X\Simple1.asm
               _main_0064   0x000178    program     static H:\Laboratory\Year 3\Microprocessor Jac-Clone\Jac-n-Dak Clone\Jac-n-Dak\LCD-Hello_World.X\Simple1.asm
                    delay   0x00017c    program     static H:\Laboratory\Year 3\Microprocessor Jac-Clone\Jac-n-Dak Clone\Jac-n-Dak\LCD-Hello_World.X\Simple1.asm
                   bdelay   0x000182    program     static H:\Laboratory\Year 3\Microprocessor Jac-Clone\Jac-n-Dak Clone\Jac-n-Dak\LCD-Hello_World.X\KeyPad.asm
                     bdlp   0x00018c    program     static H:\Laboratory\Year 3\Microprocessor Jac-Clone\Jac-n-Dak Clone\Jac-n-Dak\LCD-Hello_World.X\KeyPad.asm
                 PadSetup   0x000194    program     extern H:\Laboratory\Year 3\Microprocessor Jac-Clone\Jac-n-Dak Clone\Jac-n-Dak\LCD-Hello_World.X\KeyPad.asm
                     loop   0x0001b0    program     static H:\Laboratory\Year 3\Microprocessor Jac-Clone\Jac-n-Dak Clone\Jac-n-Dak\LCD-Hello_World.X\KeyPad.asm
                  ReadPad   0x0001bc    program     extern H:\Laboratory\Year 3\Microprocessor Jac-Clone\Jac-n-Dak Clone\Jac-n-Dak\LCD-Hello_World.X\KeyPad.asm
                  libloop   0x0001e0    program     static H:\Laboratory\Year 3\Microprocessor Jac-Clone\Jac-n-Dak Clone\Jac-n-Dak\LCD-Hello_World.X\KeyPad.asm
                     Lib1   0x0001ea    program     static H:\Laboratory\Year 3\Microprocessor Jac-Clone\Jac-n-Dak Clone\Jac-n-Dak\LCD-Hello_World.X\KeyPad.asm
                     Lib2   0x0001f6    program     static H:\Laboratory\Year 3\Microprocessor Jac-Clone\Jac-n-Dak Clone\Jac-n-Dak\LCD-Hello_World.X\KeyPad.asm
               UART_Setup   0x0001fc    program     extern H:\Laboratory\Year 3\Microprocessor Jac-Clone\Jac-n-Dak Clone\Jac-n-Dak\LCD-Hello_World.X\UART.asm
    UART_Transmit_Message   0x00020e    program     extern H:\Laboratory\Year 3\Microprocessor Jac-Clone\Jac-n-Dak Clone\Jac-n-Dak\LCD-Hello_World.X\UART.asm
        UART_Loop_message   0x000210    program     static H:\Laboratory\Year 3\Microprocessor Jac-Clone\Jac-n-Dak Clone\Jac-n-Dak\LCD-Hello_World.X\UART.asm
       UART_Transmit_Byte   0x00021c    program     static H:\Laboratory\Year 3\Microprocessor Jac-Clone\Jac-n-Dak Clone\Jac-n-Dak\LCD-Hello_World.X\UART.asm
             keypad_codes   0x000224    program     static H:\Laboratory\Year 3\Microprocessor Jac-Clone\Jac-n-Dak Clone\Jac-n-Dak\LCD-Hello_World.X\KeyPad.asm
                  myTable   0x000246    program     static H:\Laboratory\Year 3\Microprocessor Jac-Clone\Jac-n-Dak Clone\Jac-n-Dak\LCD-Hello_World.X\Simple1.asm
                  counter   0x000000       data     static H:\Laboratory\Year 3\Microprocessor Jac-Clone\Jac-n-Dak Clone\Jac-n-Dak\LCD-Hello_World.X\KeyPad.asm
                   Temprd   0x000001       data     static H:\Laboratory\Year 3\Microprocessor Jac-Clone\Jac-n-Dak Clone\Jac-n-Dak\LCD-Hello_World.X\KeyPad.asm
                 PadCodes   0x000002       data     static H:\Laboratory\Year 3\Microprocessor Jac-Clone\Jac-n-Dak Clone\Jac-n-Dak\LCD-Hello_World.X\KeyPad.asm
                  counter   0x000024       data     static H:\Laboratory\Year 3\Microprocessor Jac-Clone\Jac-n-Dak Clone\Jac-n-Dak\LCD-Hello_World.X\Simple1.asm
              delay_count   0x000025       data     static H:\Laboratory\Year 3\Microprocessor Jac-Clone\Jac-n-Dak Clone\Jac-n-Dak\LCD-Hello_World.X\Simple1.asm
                  key_val   0x000026       data     static H:\Laboratory\Year 3\Microprocessor Jac-Clone\Jac-n-Dak Clone\Jac-n-Dak\LCD-Hello_World.X\Simple1.asm
             UART_counter   0x000027       data     static H:\Laboratory\Year 3\Microprocessor Jac-Clone\Jac-n-Dak Clone\Jac-n-Dak\LCD-Hello_World.X\UART.asm
                LCD_cnt_l   0x000028       data     static H:\Laboratory\Year 3\Microprocessor Jac-Clone\Jac-n-Dak Clone\Jac-n-Dak\LCD-Hello_World.X\LCD.asm
                LCD_cnt_h   0x000029       data     static H:\Laboratory\Year 3\Microprocessor Jac-Clone\Jac-n-Dak Clone\Jac-n-Dak\LCD-Hello_World.X\LCD.asm
               LCD_cnt_ms   0x00002a       data     static H:\Laboratory\Year 3\Microprocessor Jac-Clone\Jac-n-Dak Clone\Jac-n-Dak\LCD-Hello_World.X\LCD.asm
                  LCD_tmp   0x00002b       data     static H:\Laboratory\Year 3\Microprocessor Jac-Clone\Jac-n-Dak Clone\Jac-n-Dak\LCD-Hello_World.X\LCD.asm
              LCD_counter   0x00002c       data     static H:\Laboratory\Year 3\Microprocessor Jac-Clone\Jac-n-Dak Clone\Jac-n-Dak\LCD-Hello_World.X\LCD.asm
                  myArray   0x000400       data     static H:\Laboratory\Year 3\Microprocessor Jac-Clone\Jac-n-Dak Clone\Jac-n-Dak\LCD-Hello_World.X\Simple1.asm


