MPLINK 5.09, LINKER
Linker Map File - Created Fri Jan 17 12:39:13 2020

                                 Section Info
                  Section       Type    Address   Location Size(Bytes)
                ---------  ---------  ---------  ---------  ---------
                   .org_0       code   0x000000    program   0x000004
                   .cinit    romdata   0x000004    program   0x000002
                   .org_1       code   0x000100    program   0x000088
.config_300000_BUILD/DEFAULT/PRODUCTION/CONFIG.    romdata   0x300000    program   0x000001
.config_300001_BUILD/DEFAULT/PRODUCTION/CONFIG.    romdata   0x300001    program   0x000001
.config_300002_BUILD/DEFAULT/PRODUCTION/CONFIG.    romdata   0x300002    program   0x000001
.config_300003_BUILD/DEFAULT/PRODUCTION/CONFIG.    romdata   0x300003    program   0x000001
.config_300004_BUILD/DEFAULT/PRODUCTION/CONFIG.    romdata   0x300004    program   0x000001
.config_300005_BUILD/DEFAULT/PRODUCTION/CONFIG.    romdata   0x300005    program   0x000001
.config_300006_BUILD/DEFAULT/PRODUCTION/CONFIG.    romdata   0x300006    program   0x000001
.config_300008_BUILD/DEFAULT/PRODUCTION/CONFIG.    romdata   0x300008    program   0x000001
.config_300009_BUILD/DEFAULT/PRODUCTION/CONFIG.    romdata   0x300009    program   0x000001
.config_30000A_BUILD/DEFAULT/PRODUCTION/CONFIG.    romdata   0x30000a    program   0x000001
.config_30000B_BUILD/DEFAULT/PRODUCTION/CONFIG.    romdata   0x30000b    program   0x000001
.config_30000C_BUILD/DEFAULT/PRODUCTION/CONFIG.    romdata   0x30000c    program   0x000001
.config_30000D_BUILD/DEFAULT/PRODUCTION/CONFIG.    romdata   0x30000d    program   0x000001



                              Program Memory Usage 
                               Start         End      
                           ---------   ---------      
                            0x000000    0x000005      
                            0x000100    0x000187      
                            0x300000    0x300006      
                            0x300008    0x30000d      
            155 out of 132120 program addresses used, program memory utilization is 0%



                              Symbols - Sorted by Name
                     Name    Address   Location    Storage File                     
                ---------  ---------  ---------  --------- ---------                
                   bdelay   0x000100    program     static H:\Laboratory\Year 3\Microprocessor Jac-Clone\Jac-n-Dak Clone\Jac-n-Dak\ExternalMem.X\Counter_Program.asm
                     bdlp   0x00010a    program     static H:\Laboratory\Year 3\Microprocessor Jac-Clone\Jac-n-Dak Clone\Jac-n-Dak\ExternalMem.X\Counter_Program.asm
                   clock1   0x000112    program     static H:\Laboratory\Year 3\Microprocessor Jac-Clone\Jac-n-Dak Clone\Jac-n-Dak\ExternalMem.X\Counter_Program.asm
                   clock2   0x000124    program     static H:\Laboratory\Year 3\Microprocessor Jac-Clone\Jac-n-Dak Clone\Jac-n-Dak\ExternalMem.X\Counter_Program.asm
                     loop   0x00017e    program     static H:\Laboratory\Year 3\Microprocessor Jac-Clone\Jac-n-Dak Clone\Jac-n-Dak\ExternalMem.X\Counter_Program.asm
                    read1   0x000142    program     static H:\Laboratory\Year 3\Microprocessor Jac-Clone\Jac-n-Dak Clone\Jac-n-Dak\ExternalMem.X\Counter_Program.asm
                    read2   0x000156    program     static H:\Laboratory\Year 3\Microprocessor Jac-Clone\Jac-n-Dak Clone\Jac-n-Dak\ExternalMem.X\Counter_Program.asm
                    start   0x00016e    program     static H:\Laboratory\Year 3\Microprocessor Jac-Clone\Jac-n-Dak Clone\Jac-n-Dak\ExternalMem.X\Counter_Program.asm
                    write   0x000136    program     static H:\Laboratory\Year 3\Microprocessor Jac-Clone\Jac-n-Dak Clone\Jac-n-Dak\ExternalMem.X\Counter_Program.asm



                              Symbols - Sorted by Address
                     Name    Address   Location    Storage File                     
                ---------  ---------  ---------  --------- ---------                
                   bdelay   0x000100    program     static H:\Laboratory\Year 3\Microprocessor Jac-Clone\Jac-n-Dak Clone\Jac-n-Dak\ExternalMem.X\Counter_Program.asm
                     bdlp   0x00010a    program     static H:\Laboratory\Year 3\Microprocessor Jac-Clone\Jac-n-Dak Clone\Jac-n-Dak\ExternalMem.X\Counter_Program.asm
                   clock1   0x000112    program     static H:\Laboratory\Year 3\Microprocessor Jac-Clone\Jac-n-Dak Clone\Jac-n-Dak\ExternalMem.X\Counter_Program.asm
                   clock2   0x000124    program     static H:\Laboratory\Year 3\Microprocessor Jac-Clone\Jac-n-Dak Clone\Jac-n-Dak\ExternalMem.X\Counter_Program.asm
                    write   0x000136    program     static H:\Laboratory\Year 3\Microprocessor Jac-Clone\Jac-n-Dak Clone\Jac-n-Dak\ExternalMem.X\Counter_Program.asm
                    read1   0x000142    program     static H:\Laboratory\Year 3\Microprocessor Jac-Clone\Jac-n-Dak Clone\Jac-n-Dak\ExternalMem.X\Counter_Program.asm
                    read2   0x000156    program     static H:\Laboratory\Year 3\Microprocessor Jac-Clone\Jac-n-Dak Clone\Jac-n-Dak\ExternalMem.X\Counter_Program.asm
                    start   0x00016e    program     static H:\Laboratory\Year 3\Microprocessor Jac-Clone\Jac-n-Dak Clone\Jac-n-Dak\ExternalMem.X\Counter_Program.asm
                     loop   0x00017e    program     static H:\Laboratory\Year 3\Microprocessor Jac-Clone\Jac-n-Dak Clone\Jac-n-Dak\ExternalMem.X\Counter_Program.asm


