MPLINK 5.09, LINKER
Linker Map File - Created Tue Feb 11 10:30:32 2020

                                 Section Info
                  Section       Type    Address   Location Size(Bytes)
                ---------  ---------  ---------  ---------  ---------
                      rst       code   0x000000    program   0x000004
                   .cinit    romdata   0x000004    program   0x000002
                      LCD       code   0x000006    program   0x00010e
                     GLCD       code   0x000114    program   0x00008c
                     main       code   0x0001a0    program   0x00008a
                     UART       code   0x00022a    program   0x000028
              PMCodeTable       code   0x000252    program   0x000022
.config_300000_BUILD/DEFAULT/PRODUCTION/CONFIG.    romdata   0x300000    program   0x000001
.config_300001_BUILD/DEFAULT/PRODUCTION/CONFIG.    romdata   0x300001    program   0x000001
.config_300002_BUILD/DEFAULT/PRODUCTION/CONFIG.    romdata   0x300002    program   0x000001
.config_300003_BUILD/DEFAULT/PRODUCTION/CONFIG.    romdata   0x300003    program   0x000001
.config_300004_BUILD/DEFAULT/PRODUCTION/CONFIG.    romdata   0x300004    program   0x000001
.config_300005_BUILD/DEFAULT/PRODUCTION/CONFIG.    romdata   0x300005    program   0x000001
.config_300006_BUILD/DEFAULT/PRODUCTION/CONFIG.    romdata   0x300006    program   0x000001
.config_300008_BUILD/DEFAULT/PRODUCTION/CONFIG.    romdata   0x300008    program   0x000001
.config_300009_BUILD/DEFAULT/PRODUCTION/CONFIG.    romdata   0x300009    program   0x000001
.config_30000A_BUILD/DEFAULT/PRODUCTION/CONFIG.    romdata   0x30000a    program   0x000001
.config_30000B_BUILD/DEFAULT/PRODUCTION/CONFIG.    romdata   0x30000b    program   0x000001
.config_30000C_BUILD/DEFAULT/PRODUCTION/CONFIG.    romdata   0x30000c    program   0x000001
.config_30000D_BUILD/DEFAULT/PRODUCTION/CONFIG.    romdata   0x30000d    program   0x000001
                   PadLoc      udata   0x000000       data   0x000024
                     acs0      udata   0x000024       data   0x000008



                              Program Memory Usage 
                               Start         End      
                           ---------   ---------      
                            0x000000    0x000273      
                            0x300000    0x300006      
                            0x300008    0x30000d      
            641 out of 132120 program addresses used, program memory utilization is 0%



                              Symbols - Sorted by Name
                     Name    Address   Location    Storage File                     
                ---------  ---------  ---------  --------- ---------                
                  E_pulse   0x000184    program     static C:\Users\Jac\Documents\PHYSICS\Year 3\year 3 labs\Microprocessor\Jac-n-Dak\GLCD-Hello_World.X\GLCD.asm
               GLCD_Setup   0x000114    program     extern C:\Users\Jac\Documents\PHYSICS\Year 3\year 3 labs\Microprocessor\Jac-n-Dak\GLCD-Hello_World.X\GLCD.asm
               LCD_Enable   0x0000a8    program     static C:\Users\Jac\Documents\PHYSICS\Year 3\year 3 labs\Microprocessor\Jac-n-Dak\GLCD-Hello_World.X\LCD.asm
         LCD_Loop_message   0x00005e    program     static C:\Users\Jac\Documents\PHYSICS\Year 3\year 3 labs\Microprocessor\Jac-n-Dak\GLCD-Hello_World.X\LCD.asm
          LCD_Send_Byte_D   0x000086    program     extern C:\Users\Jac\Documents\PHYSICS\Year 3\year 3 labs\Microprocessor\Jac-n-Dak\GLCD-Hello_World.X\LCD.asm
          LCD_Send_Byte_I   0x00006a    program     extern C:\Users\Jac\Documents\PHYSICS\Year 3\year 3 labs\Microprocessor\Jac-n-Dak\GLCD-Hello_World.X\LCD.asm
                LCD_Setup   0x000006    program     extern C:\Users\Jac\Documents\PHYSICS\Year 3\year 3 labs\Microprocessor\Jac-n-Dak\GLCD-Hello_World.X\LCD.asm
        LCD_Write_Message   0x00005c    program     extern C:\Users\Jac\Documents\PHYSICS\Year 3\year 3 labs\Microprocessor\Jac-n-Dak\GLCD-Hello_World.X\LCD.asm
                LCD_delay   0x0000ee    program     static C:\Users\Jac\Documents\PHYSICS\Year 3\year 3 labs\Microprocessor\Jac-n-Dak\GLCD-Hello_World.X\LCD.asm
             LCD_delay_ms   0x0000cc    program     static C:\Users\Jac\Documents\PHYSICS\Year 3\year 3 labs\Microprocessor\Jac-n-Dak\GLCD-Hello_World.X\LCD.asm
           LCD_delay_x4us   0x0000da    program     static C:\Users\Jac\Documents\PHYSICS\Year 3\year 3 labs\Microprocessor\Jac-n-Dak\GLCD-Hello_World.X\LCD.asm
                     Lib1   0x000208    program     static C:\Users\Jac\Documents\PHYSICS\Year 3\year 3 labs\Microprocessor\Jac-n-Dak\GLCD-Hello_World.X\KeyPad.asm
                     Lib2   0x000214    program     static C:\Users\Jac\Documents\PHYSICS\Year 3\year 3 labs\Microprocessor\Jac-n-Dak\GLCD-Hello_World.X\KeyPad.asm
                    Line1   0x0000f8    program     extern C:\Users\Jac\Documents\PHYSICS\Year 3\year 3 labs\Microprocessor\Jac-n-Dak\GLCD-Hello_World.X\LCD.asm
                    Line2   0x000106    program     extern C:\Users\Jac\Documents\PHYSICS\Year 3\year 3 labs\Microprocessor\Jac-n-Dak\GLCD-Hello_World.X\LCD.asm
                 PadSetup   0x0001b2    program     extern C:\Users\Jac\Documents\PHYSICS\Year 3\year 3 labs\Microprocessor\Jac-n-Dak\GLCD-Hello_World.X\KeyPad.asm
                  ReadPad   0x0001da    program     extern C:\Users\Jac\Documents\PHYSICS\Year 3\year 3 labs\Microprocessor\Jac-n-Dak\GLCD-Hello_World.X\KeyPad.asm
             Reset_Cursor   0x000154    program     static C:\Users\Jac\Documents\PHYSICS\Year 3\year 3 labs\Microprocessor\Jac-n-Dak\GLCD-Hello_World.X\GLCD.asm
           Send_Data_Byte   0x00016c    program     static C:\Users\Jac\Documents\PHYSICS\Year 3\year 3 labs\Microprocessor\Jac-n-Dak\GLCD-Hello_World.X\GLCD.asm
          Send_Instr_Byte   0x000178    program     static C:\Users\Jac\Documents\PHYSICS\Year 3\year 3 labs\Microprocessor\Jac-n-Dak\GLCD-Hello_World.X\GLCD.asm
               Test_Write   0x00013e    program     extern C:\Users\Jac\Documents\PHYSICS\Year 3\year 3 labs\Microprocessor\Jac-n-Dak\GLCD-Hello_World.X\GLCD.asm
        UART_Loop_message   0x00023e    program     static C:\Users\Jac\Documents\PHYSICS\Year 3\year 3 labs\Microprocessor\Jac-n-Dak\GLCD-Hello_World.X\UART.asm
               UART_Setup   0x00022a    program     extern C:\Users\Jac\Documents\PHYSICS\Year 3\year 3 labs\Microprocessor\Jac-n-Dak\GLCD-Hello_World.X\UART.asm
       UART_Transmit_Byte   0x00024a    program     static C:\Users\Jac\Documents\PHYSICS\Year 3\year 3 labs\Microprocessor\Jac-n-Dak\GLCD-Hello_World.X\UART.asm
    UART_Transmit_Message   0x00023c    program     extern C:\Users\Jac\Documents\PHYSICS\Year 3\year 3 labs\Microprocessor\Jac-n-Dak\GLCD-Hello_World.X\UART.asm
                  W_Delay   0x000198    program     static C:\Users\Jac\Documents\PHYSICS\Year 3\year 3 labs\Microprocessor\Jac-n-Dak\GLCD-Hello_World.X\GLCD.asm
               _main_000C   0x000226    program     static C:\Users\Jac\Documents\PHYSICS\Year 3\year 3 labs\Microprocessor\Jac-n-Dak\GLCD-Hello_World.X\Main.asm
                   bdelay   0x0001a0    program     static C:\Users\Jac\Documents\PHYSICS\Year 3\year 3 labs\Microprocessor\Jac-n-Dak\GLCD-Hello_World.X\KeyPad.asm
                     bdlp   0x0001aa    program     static C:\Users\Jac\Documents\PHYSICS\Year 3\year 3 labs\Microprocessor\Jac-n-Dak\GLCD-Hello_World.X\KeyPad.asm
             keypad_codes   0x000252    program     static C:\Users\Jac\Documents\PHYSICS\Year 3\year 3 labs\Microprocessor\Jac-n-Dak\GLCD-Hello_World.X\KeyPad.asm
                   lcdlp1   0x0000f0    program     static C:\Users\Jac\Documents\PHYSICS\Year 3\year 3 labs\Microprocessor\Jac-n-Dak\GLCD-Hello_World.X\LCD.asm
                   lcdlp2   0x0000ce    program     static C:\Users\Jac\Documents\PHYSICS\Year 3\year 3 labs\Microprocessor\Jac-n-Dak\GLCD-Hello_World.X\LCD.asm
                  libloop   0x0001fe    program     static C:\Users\Jac\Documents\PHYSICS\Year 3\year 3 labs\Microprocessor\Jac-n-Dak\GLCD-Hello_World.X\KeyPad.asm
                     loop   0x0001ce    program     static C:\Users\Jac\Documents\PHYSICS\Year 3\year 3 labs\Microprocessor\Jac-n-Dak\GLCD-Hello_World.X\KeyPad.asm
                    setup   0x00021a    program     static C:\Users\Jac\Documents\PHYSICS\Year 3\year 3 labs\Microprocessor\Jac-n-Dak\GLCD-Hello_World.X\Main.asm
                    start   0x000222    program     static C:\Users\Jac\Documents\PHYSICS\Year 3\year 3 labs\Microprocessor\Jac-n-Dak\GLCD-Hello_World.X\Main.asm
                     twlp   0x000144    program     static C:\Users\Jac\Documents\PHYSICS\Year 3\year 3 labs\Microprocessor\Jac-n-Dak\GLCD-Hello_World.X\GLCD.asm
                     wdlp   0x00019a    program     static C:\Users\Jac\Documents\PHYSICS\Year 3\year 3 labs\Microprocessor\Jac-n-Dak\GLCD-Hello_World.X\GLCD.asm
                LCD_cnt_h   0x000026       data     static C:\Users\Jac\Documents\PHYSICS\Year 3\year 3 labs\Microprocessor\Jac-n-Dak\GLCD-Hello_World.X\LCD.asm
                LCD_cnt_l   0x000025       data     static C:\Users\Jac\Documents\PHYSICS\Year 3\year 3 labs\Microprocessor\Jac-n-Dak\GLCD-Hello_World.X\LCD.asm
               LCD_cnt_ms   0x000027       data     static C:\Users\Jac\Documents\PHYSICS\Year 3\year 3 labs\Microprocessor\Jac-n-Dak\GLCD-Hello_World.X\LCD.asm
              LCD_counter   0x000029       data     static C:\Users\Jac\Documents\PHYSICS\Year 3\year 3 labs\Microprocessor\Jac-n-Dak\GLCD-Hello_World.X\LCD.asm
                  LCD_tmp   0x000028       data     static C:\Users\Jac\Documents\PHYSICS\Year 3\year 3 labs\Microprocessor\Jac-n-Dak\GLCD-Hello_World.X\LCD.asm
                 PadCodes   0x000002       data     static C:\Users\Jac\Documents\PHYSICS\Year 3\year 3 labs\Microprocessor\Jac-n-Dak\GLCD-Hello_World.X\KeyPad.asm
                   Temprd   0x000001       data     static C:\Users\Jac\Documents\PHYSICS\Year 3\year 3 labs\Microprocessor\Jac-n-Dak\GLCD-Hello_World.X\KeyPad.asm
             UART_counter   0x000024       data     static C:\Users\Jac\Documents\PHYSICS\Year 3\year 3 labs\Microprocessor\Jac-n-Dak\GLCD-Hello_World.X\UART.asm
                  counter   0x000000       data     static C:\Users\Jac\Documents\PHYSICS\Year 3\year 3 labs\Microprocessor\Jac-n-Dak\GLCD-Hello_World.X\KeyPad.asm
              delay_count   0x00002a       data     static C:\Users\Jac\Documents\PHYSICS\Year 3\year 3 labs\Microprocessor\Jac-n-Dak\GLCD-Hello_World.X\GLCD.asm
             test_counter   0x00002b       data     static C:\Users\Jac\Documents\PHYSICS\Year 3\year 3 labs\Microprocessor\Jac-n-Dak\GLCD-Hello_World.X\GLCD.asm



                              Symbols - Sorted by Address
                     Name    Address   Location    Storage File                     
                ---------  ---------  ---------  --------- ---------                
                LCD_Setup   0x000006    program     extern C:\Users\Jac\Documents\PHYSICS\Year 3\year 3 labs\Microprocessor\Jac-n-Dak\GLCD-Hello_World.X\LCD.asm
        LCD_Write_Message   0x00005c    program     extern C:\Users\Jac\Documents\PHYSICS\Year 3\year 3 labs\Microprocessor\Jac-n-Dak\GLCD-Hello_World.X\LCD.asm
         LCD_Loop_message   0x00005e    program     static C:\Users\Jac\Documents\PHYSICS\Year 3\year 3 labs\Microprocessor\Jac-n-Dak\GLCD-Hello_World.X\LCD.asm
          LCD_Send_Byte_I   0x00006a    program     extern C:\Users\Jac\Documents\PHYSICS\Year 3\year 3 labs\Microprocessor\Jac-n-Dak\GLCD-Hello_World.X\LCD.asm
          LCD_Send_Byte_D   0x000086    program     extern C:\Users\Jac\Documents\PHYSICS\Year 3\year 3 labs\Microprocessor\Jac-n-Dak\GLCD-Hello_World.X\LCD.asm
               LCD_Enable   0x0000a8    program     static C:\Users\Jac\Documents\PHYSICS\Year 3\year 3 labs\Microprocessor\Jac-n-Dak\GLCD-Hello_World.X\LCD.asm
             LCD_delay_ms   0x0000cc    program     static C:\Users\Jac\Documents\PHYSICS\Year 3\year 3 labs\Microprocessor\Jac-n-Dak\GLCD-Hello_World.X\LCD.asm
                   lcdlp2   0x0000ce    program     static C:\Users\Jac\Documents\PHYSICS\Year 3\year 3 labs\Microprocessor\Jac-n-Dak\GLCD-Hello_World.X\LCD.asm
           LCD_delay_x4us   0x0000da    program     static C:\Users\Jac\Documents\PHYSICS\Year 3\year 3 labs\Microprocessor\Jac-n-Dak\GLCD-Hello_World.X\LCD.asm
                LCD_delay   0x0000ee    program     static C:\Users\Jac\Documents\PHYSICS\Year 3\year 3 labs\Microprocessor\Jac-n-Dak\GLCD-Hello_World.X\LCD.asm
                   lcdlp1   0x0000f0    program     static C:\Users\Jac\Documents\PHYSICS\Year 3\year 3 labs\Microprocessor\Jac-n-Dak\GLCD-Hello_World.X\LCD.asm
                    Line1   0x0000f8    program     extern C:\Users\Jac\Documents\PHYSICS\Year 3\year 3 labs\Microprocessor\Jac-n-Dak\GLCD-Hello_World.X\LCD.asm
                    Line2   0x000106    program     extern C:\Users\Jac\Documents\PHYSICS\Year 3\year 3 labs\Microprocessor\Jac-n-Dak\GLCD-Hello_World.X\LCD.asm
               GLCD_Setup   0x000114    program     extern C:\Users\Jac\Documents\PHYSICS\Year 3\year 3 labs\Microprocessor\Jac-n-Dak\GLCD-Hello_World.X\GLCD.asm
               Test_Write   0x00013e    program     extern C:\Users\Jac\Documents\PHYSICS\Year 3\year 3 labs\Microprocessor\Jac-n-Dak\GLCD-Hello_World.X\GLCD.asm
                     twlp   0x000144    program     static C:\Users\Jac\Documents\PHYSICS\Year 3\year 3 labs\Microprocessor\Jac-n-Dak\GLCD-Hello_World.X\GLCD.asm
             Reset_Cursor   0x000154    program     static C:\Users\Jac\Documents\PHYSICS\Year 3\year 3 labs\Microprocessor\Jac-n-Dak\GLCD-Hello_World.X\GLCD.asm
           Send_Data_Byte   0x00016c    program     static C:\Users\Jac\Documents\PHYSICS\Year 3\year 3 labs\Microprocessor\Jac-n-Dak\GLCD-Hello_World.X\GLCD.asm
          Send_Instr_Byte   0x000178    program     static C:\Users\Jac\Documents\PHYSICS\Year 3\year 3 labs\Microprocessor\Jac-n-Dak\GLCD-Hello_World.X\GLCD.asm
                  E_pulse   0x000184    program     static C:\Users\Jac\Documents\PHYSICS\Year 3\year 3 labs\Microprocessor\Jac-n-Dak\GLCD-Hello_World.X\GLCD.asm
                  W_Delay   0x000198    program     static C:\Users\Jac\Documents\PHYSICS\Year 3\year 3 labs\Microprocessor\Jac-n-Dak\GLCD-Hello_World.X\GLCD.asm
                     wdlp   0x00019a    program     static C:\Users\Jac\Documents\PHYSICS\Year 3\year 3 labs\Microprocessor\Jac-n-Dak\GLCD-Hello_World.X\GLCD.asm
                   bdelay   0x0001a0    program     static C:\Users\Jac\Documents\PHYSICS\Year 3\year 3 labs\Microprocessor\Jac-n-Dak\GLCD-Hello_World.X\KeyPad.asm
                     bdlp   0x0001aa    program     static C:\Users\Jac\Documents\PHYSICS\Year 3\year 3 labs\Microprocessor\Jac-n-Dak\GLCD-Hello_World.X\KeyPad.asm
                 PadSetup   0x0001b2    program     extern C:\Users\Jac\Documents\PHYSICS\Year 3\year 3 labs\Microprocessor\Jac-n-Dak\GLCD-Hello_World.X\KeyPad.asm
                     loop   0x0001ce    program     static C:\Users\Jac\Documents\PHYSICS\Year 3\year 3 labs\Microprocessor\Jac-n-Dak\GLCD-Hello_World.X\KeyPad.asm
                  ReadPad   0x0001da    program     extern C:\Users\Jac\Documents\PHYSICS\Year 3\year 3 labs\Microprocessor\Jac-n-Dak\GLCD-Hello_World.X\KeyPad.asm
                  libloop   0x0001fe    program     static C:\Users\Jac\Documents\PHYSICS\Year 3\year 3 labs\Microprocessor\Jac-n-Dak\GLCD-Hello_World.X\KeyPad.asm
                     Lib1   0x000208    program     static C:\Users\Jac\Documents\PHYSICS\Year 3\year 3 labs\Microprocessor\Jac-n-Dak\GLCD-Hello_World.X\KeyPad.asm
                     Lib2   0x000214    program     static C:\Users\Jac\Documents\PHYSICS\Year 3\year 3 labs\Microprocessor\Jac-n-Dak\GLCD-Hello_World.X\KeyPad.asm
                    setup   0x00021a    program     static C:\Users\Jac\Documents\PHYSICS\Year 3\year 3 labs\Microprocessor\Jac-n-Dak\GLCD-Hello_World.X\Main.asm
                    start   0x000222    program     static C:\Users\Jac\Documents\PHYSICS\Year 3\year 3 labs\Microprocessor\Jac-n-Dak\GLCD-Hello_World.X\Main.asm
               _main_000C   0x000226    program     static C:\Users\Jac\Documents\PHYSICS\Year 3\year 3 labs\Microprocessor\Jac-n-Dak\GLCD-Hello_World.X\Main.asm
               UART_Setup   0x00022a    program     extern C:\Users\Jac\Documents\PHYSICS\Year 3\year 3 labs\Microprocessor\Jac-n-Dak\GLCD-Hello_World.X\UART.asm
    UART_Transmit_Message   0x00023c    program     extern C:\Users\Jac\Documents\PHYSICS\Year 3\year 3 labs\Microprocessor\Jac-n-Dak\GLCD-Hello_World.X\UART.asm
        UART_Loop_message   0x00023e    program     static C:\Users\Jac\Documents\PHYSICS\Year 3\year 3 labs\Microprocessor\Jac-n-Dak\GLCD-Hello_World.X\UART.asm
       UART_Transmit_Byte   0x00024a    program     static C:\Users\Jac\Documents\PHYSICS\Year 3\year 3 labs\Microprocessor\Jac-n-Dak\GLCD-Hello_World.X\UART.asm
             keypad_codes   0x000252    program     static C:\Users\Jac\Documents\PHYSICS\Year 3\year 3 labs\Microprocessor\Jac-n-Dak\GLCD-Hello_World.X\KeyPad.asm
                  counter   0x000000       data     static C:\Users\Jac\Documents\PHYSICS\Year 3\year 3 labs\Microprocessor\Jac-n-Dak\GLCD-Hello_World.X\KeyPad.asm
                   Temprd   0x000001       data     static C:\Users\Jac\Documents\PHYSICS\Year 3\year 3 labs\Microprocessor\Jac-n-Dak\GLCD-Hello_World.X\KeyPad.asm
                 PadCodes   0x000002       data     static C:\Users\Jac\Documents\PHYSICS\Year 3\year 3 labs\Microprocessor\Jac-n-Dak\GLCD-Hello_World.X\KeyPad.asm
             UART_counter   0x000024       data     static C:\Users\Jac\Documents\PHYSICS\Year 3\year 3 labs\Microprocessor\Jac-n-Dak\GLCD-Hello_World.X\UART.asm
                LCD_cnt_l   0x000025       data     static C:\Users\Jac\Documents\PHYSICS\Year 3\year 3 labs\Microprocessor\Jac-n-Dak\GLCD-Hello_World.X\LCD.asm
                LCD_cnt_h   0x000026       data     static C:\Users\Jac\Documents\PHYSICS\Year 3\year 3 labs\Microprocessor\Jac-n-Dak\GLCD-Hello_World.X\LCD.asm
               LCD_cnt_ms   0x000027       data     static C:\Users\Jac\Documents\PHYSICS\Year 3\year 3 labs\Microprocessor\Jac-n-Dak\GLCD-Hello_World.X\LCD.asm
                  LCD_tmp   0x000028       data     static C:\Users\Jac\Documents\PHYSICS\Year 3\year 3 labs\Microprocessor\Jac-n-Dak\GLCD-Hello_World.X\LCD.asm
              LCD_counter   0x000029       data     static C:\Users\Jac\Documents\PHYSICS\Year 3\year 3 labs\Microprocessor\Jac-n-Dak\GLCD-Hello_World.X\LCD.asm
              delay_count   0x00002a       data     static C:\Users\Jac\Documents\PHYSICS\Year 3\year 3 labs\Microprocessor\Jac-n-Dak\GLCD-Hello_World.X\GLCD.asm
             test_counter   0x00002b       data     static C:\Users\Jac\Documents\PHYSICS\Year 3\year 3 labs\Microprocessor\Jac-n-Dak\GLCD-Hello_World.X\GLCD.asm


